Microchip MPLAB XC8 Compiler V2.41

Linker command line:

-W-3 \
  --edf=C:\Program Files\Microchip\xc8\v2.41\pic\dat\20230208172133_en.msgs \
  -cn -h+dist/default/production\code.production.sym \
  --cmf=dist/default/production\code.production.cmf -z -Q18F4620 \
  -oC:\Users\Yossri\AppData\Local\Temp\xcAs27g.\driver_tmp_3.o \
  --defsym=__MPLAB_BUILD=1 --fixupoverflow=error \
  -Mdist/default/production/code.production.map \
  --md=C:\Users\Yossri\AppData\Local\Temp\xcAs27g.\driver_tmp_0.dat -E1 \
  -ver=XC8 Compiler --acfsm=1493 -ACODE=00h-0FFFFh -ACONST=00h-0FFFFh \
  -ASMALLCONST=01000h-010FFhx240 -AMEDIUMCONST=01000h-0FFFFh \
  -ACOMRAM=01h-07Fh -AABS1=00h-0F7Fh -ABIGRAM=01h-0F7Fh \
  -ARAM=080h-0FFh,0100h-01FFhx14,0F00h-0F7Fh -ABANK0=080h-0FFh \
  -ABANK1=0100h-01FFh -ABANK2=0200h-02FFh -ABANK3=0300h-03FFh \
  -ABANK4=0400h-04FFh -ABANK5=0500h-05FFh -ABANK6=0600h-06FFh \
  -ABANK7=0700h-07FFh -ABANK8=0800h-08FFh -ABANK9=0900h-09FFh \
  -ABANK10=0A00h-0AFFh -ABANK11=0B00h-0BFFh -ABANK12=0C00h-0CFFh \
  -ABANK13=0D00h-0DFFh -ABANK14=0E00h-0EFFh -ABANK15=0F00h-0F7Fh \
  -ASFR=0F80h-0FFFh -ABIGSFR=0F80h-0FFFh -ACONFIG=0300000h-030000Dh \
  -AIDLOC=0200000h-0200007h -AEEDATA=0F00000h-0F003FFh -peeprom_data=EEDATA \
  -preset_vec=00h,intcode=08h,intcodelo,powerup,init -pramtop=01000h \
  -psmallconst=SMALLCONST -pmediumconst=MEDIUMCONST -pconst=CONST \
  -AFARRAM=00h-00h \
  -prdata=COMRAM,nvrram=COMRAM,nvbit=COMRAM,rbss=COMRAM,rbit=COMRAM \
  -pfarbss=FARRAM,fardata=FARRAM,nvFARRAM=FARRAM \
  -pintsave_regs=BIGRAM,bigbss=BIGRAM,bigdata=BIGRAM -pbss=RAM \
  -pidata=CODE,irdata=CODE,ibigdata=CODE,ifardata=CODE -prparam=COMRAM \
  C:\Users\Yossri\AppData\Local\Temp\xcAs27g.\driver_tmp_9.o \
  dist/default/production\code.production.o 

Object code version is 3.11

Machine type is 18F4620



                Name                               Link     Load   Length Selector   Space Scale
C:\Users\Yossri\AppData\Local\Temp\xcAs27g.\driver_tmp_9.o
                idloc                            200000   200000        8        0       5
                config                           300000   300000        E        0       4
                init                                  E        E        4        4       0
                reset_vec                             0        0        4        0       0
dist/default/production\code.production.o
                intcode                               8        8        6        4       0
                idloc                            200000   200000        8        0       5
                config                           300000   300000        E        0       4
                temp                                 72       72        1        1       1
                smallconst                         1000     1000       16      800       0
                text46                             2234     2234       EE      80B       0
                text45                             2AAC     2AAC       1E      80B       0
                text44                             2A7A     2A7A       32      80B       0
                text43                             2BC4     2BC4        4     15BD       0
                text42                             2BC0     2BC0        4     15BD       0
                text41                             2BBC     2BBC        4     15BD       0
                text40                             2BB8     2BB8        4     15BD       0
                text39                             2BB4     2BB4        4     15BD       0
                text38                             2BB0     2BB0        4     15BD       0
                text37                             2BAC     2BAC        4     15BD       0
                text36                             2BA8     2BA8        4     15BD       0
                text35                             2B34     2B34       1A      80B       0
                text34                             2B1A     2B1A       1A      80B       0
                text33                             2B00     2B00       1A      80B       0
                text32                             2AE6     2AE6       1A      80B       0
                text31                             2BCA     2BCA        2     15BD       0
                text30                             2B86     2B86        C     15BD       0
                text29                             2B92     2B92        A     15BD       0
                text28                             2B9C     2B9C        8     15BD       0
                text27                             2B7A     2B7A        C     15BD       0
                text26                             2BC8     2BC8        2     15BD       0
                text25                             2BA4     2BA4        4     15BD       0
                intcode_body                       1016     1016      446      80B       0
                text23                             2322     2322       D2      80B       0
                text22                             28B4     28B4       54      80B       0
                text21                             2A48     2A48       32      80B       0
                text20                             2908     2908       4C      80B       0
                text19                             1EA8     1EA8      146      80B       0
                text18                             25F6     25F6       92      80B       0
                text17                             2564     2564       92      80B       0
                text16                             2ACA     2ACA       1C      80B       0
                text15                             2B4E     2B4E       18      80B       0
                text14                             145C     145C      42C      80B       0
                text13                             212E     212E      106      80B       0
                text12                             2716     2716       74      80B       0
                text11                             1BA2     1BA2      1B4      80B       0
                text10                             2954     2954       4A      80B       0
                text9                              299E     299E       44      80B       0
                text8                              23F4     23F4       CE      80B       0
                text7                              1D56     1D56      152      80B       0
                text6                              2854     2854       60      80B       0
                text5                              2688     2688       8E      80B       0
                text4                              2A16     2A16       32      80B       0
                text3                              278A     278A       68      80B       0
                text2                              1FEE     1FEE      140      80B       0
                text1                              24C2     24C2       A2      80B       0
                text0                              1888     1888      31A      80B       0
                cstackCOMRAM                          1        1       33        1       1
                cstackBANK0                          E9       E9        D       80       1
                dataBANK0                            B5       B5       34       80       1
                bssBANK0                             80       80       35       80       1
                dataCOMRAM                           5F       5F       13        1       1
                bssCOMRAM                            34       34       2B        1       1
                cinit                              27F2     27F2       62      80B       0
                nvBANK0                              F6       F6        2       80       1
                idataBANK0                         29E2     29E2       34      80B       0
                idataCOMRAM                        2B66     2B66       13      80B       0

TOTAL           Name                               Link     Load   Length     Space
        CLASS   CODE           
                intcode                               8        8        6         0
                init                                  E        E        4         0
                reset_vec                             0        0        4         0
                text46                             2234     2234       EE         0
                text45                             2AAC     2AAC       1E         0
                text44                             2A7A     2A7A       32         0
                text43                             2BC4     2BC4        4         0
                text42                             2BC0     2BC0        4         0
                text41                             2BBC     2BBC        4         0
                text40                             2BB8     2BB8        4         0
                text39                             2BB4     2BB4        4         0
                text38                             2BB0     2BB0        4         0
                text37                             2BAC     2BAC        4         0
                text36                             2BA8     2BA8        4         0
                text35                             2B34     2B34       1A         0
                text34                             2B1A     2B1A       1A         0
                text33                             2B00     2B00       1A         0
                text32                             2AE6     2AE6       1A         0
                text31                             2BCA     2BCA        2         0
                text30                             2B86     2B86        C         0
                text29                             2B92     2B92        A         0
                text28                             2B9C     2B9C        8         0
                text27                             2B7A     2B7A        C         0
                text26                             2BC8     2BC8        2         0
                text25                             2BA4     2BA4        4         0
                intcode_body                       1016     1016      446         0
                text23                             2322     2322       D2         0
                text22                             28B4     28B4       54         0
                text21                             2A48     2A48       32         0
                text20                             2908     2908       4C         0
                text19                             1EA8     1EA8      146         0
                text18                             25F6     25F6       92         0
                text17                             2564     2564       92         0
                text16                             2ACA     2ACA       1C         0
                text15                             2B4E     2B4E       18         0
                text14                             145C     145C      42C         0
                text13                             212E     212E      106         0
                text12                             2716     2716       74         0
                text11                             1BA2     1BA2      1B4         0
                text10                             2954     2954       4A         0
                text9                              299E     299E       44         0
                text8                              23F4     23F4       CE         0
                text7                              1D56     1D56      152         0
                text6                              2854     2854       60         0
                text5                              2688     2688       8E         0
                text4                              2A16     2A16       32         0
                text3                              278A     278A       68         0
                text2                              1FEE     1FEE      140         0
                text1                              24C2     24C2       A2         0
                text0                              1888     1888      31A         0
                cinit                              27F2     27F2       62         0
                idataBANK0                         29E2     29E2       34         0
                idataCOMRAM                        2B66     2B66       13         0

        CLASS   CONST          

        CLASS   SMALLCONST     
                smallconst                         1000     1000       16         0

        CLASS   MEDIUMCONST    

        CLASS   COMRAM         
                temp                                 72       72        1         1
                cstackCOMRAM                          1        1       33         1
                dataCOMRAM                           5F       5F       13         1
                bssCOMRAM                            34       34       2B         1

        CLASS   ABS1           

        CLASS   BIGRAM         

        CLASS   RAM            

        CLASS   BANK0          
                cstackBANK0                          E9       E9        D         1
                dataBANK0                            B5       B5       34         1
                bssBANK0                             80       80       35         1
                nvBANK0                              F6       F6        2         1

        CLASS   BANK1          

        CLASS   BANK2          

        CLASS   BANK3          

        CLASS   BANK4          

        CLASS   BANK5          

        CLASS   BANK6          

        CLASS   BANK7          

        CLASS   BANK8          

        CLASS   BANK9          

        CLASS   BANK10         

        CLASS   BANK11         

        CLASS   BANK12         

        CLASS   BANK13         

        CLASS   BANK14         

        CLASS   BANK15         

        CLASS   SFR            

        CLASS   BIGSFR         

        CLASS   CONFIG         
                config                           300000   300000        E         4

        CLASS   IDLOC          
                idloc                            200000   200000        8         5

        CLASS   EEDATA         

        CLASS   FARRAM         

        CLASS   HEAP           

        CLASS   STACK          



SEGMENTS        Name                           Load    Length   Top    Selector   Space  Class

                reset_vec                      000000  000004  000004         0       0  CODE    
                cstackCOMRAM                   000001  000072  000073         1       1  COMRAM  
                intcode                        000008  00000A  000012         4       0  CODE    
                bssBANK0                       000080  000078  0000F8        80       1  BANK0   
                smallconst                     001000  000016  001016       800       0  SMALLCON
                intcode_body                   001016  001B63  002B79       80B       0  CODE    
                text27                         002B7A  000052  002BCC      15BD       0  CODE    


UNUSED ADDRESS RANGES

        Name                Unused          Largest block    Delta
        BANK0            0000F8-0000FF                8
        BANK1            000100-0001FF              100
        BANK10           000A00-000AFF              100
        BANK11           000B00-000BFF              100
        BANK12           000C00-000CFF              100
        BANK13           000D00-000DFF              100
        BANK14           000E00-000EFF              100
        BANK15           000F00-000F7F               80
        BANK2            000200-0002FF              100
        BANK3            000300-0003FF              100
        BANK4            000400-0004FF              100
        BANK5            000500-0005FF              100
        BANK6            000600-0006FF              100
        BANK7            000700-0007FF              100
        BANK8            000800-0008FF              100
        BANK9            000900-0009FF              100
        BIGRAM           000073-00007F                D
                         0000F8-000F7F              E88
        BIGSFR           000F80-000FFF               80
        CODE             000004-000007                4
                         000012-000FFF              FEE
                         002B79-002B79                1
                         002BCC-00FFFF             D434
        COMRAM           000073-00007F                D
        CONST            000004-000007                4
                         000012-000FFF              FEE
                         002B79-002B79                1
                         002BCC-00FFFF             D434
        EEDATA           F00000-F003FF              400
        MEDIUMCONST      002B79-002B79                1
                         002BCC-00FFFF             D434
        RAM              0000F8-000F7F              100
        SFR              000F80-000FFF               80
        SMALLCONST       002B79-002B79                1
                         002BCC-00FFFF              100

                                  Symbol Table

?_ADC_Channel_Selection                               cstackCOMRAM 000011
?_ADC_Get_Conversion_Result                           cstackCOMRAM 000001
?_ADC_Intialization                                   cstackCOMRAM 000011
?_ADC_Start_Conversion                                cstackCOMRAM 00000E
?_ADC_Start_Conversion_Interrupt_Mode                 cstackCOMRAM 000017
?_GPIO_Pin_Direction_Intialize                        cstackCOMRAM 00000E
?_GPIO_Pin_Intialize                                  cstackCOMRAM 000019
?_GPIO_Pin_Write_Logic                                cstackCOMRAM 00000E
?_Led_Intialize                                       cstackCOMRAM 00001D
?_Led_Turn_Off                                        cstackCOMRAM 000019
?_Led_Turn_On                                         cstackCOMRAM 000019
?___flmul                                             cstackCOMRAM 00001C
?___fltol                                             cstackCOMRAM 000028
?___lwdiv                                             cstackCOMRAM 00000E
?___xxtofl                                            cstackCOMRAM 00000E
ADC_Channel_Selection@adc_                            cstackCOMRAM 000011
ADC_Channel_Selection@channel                         cstackCOMRAM 000013
ADC_Channel_Selection@ret                             cstackCOMRAM 000015
ADC_Get_Conversion_Result@adc_                        cstackCOMRAM 000001
ADC_Get_Conversion_Result@conversion_Result           cstackCOMRAM 000003
ADC_Get_Conversion_Result@ret                         cstackCOMRAM 000008
ADC_Intialization@adc_                                cstackCOMRAM 000011
ADC_Intialization@ret                                 cstackCOMRAM 000014
ADC_Select_Voltage_Reference@adc_                     cstackCOMRAM 00000E
ADC_Select_format_status@adc_                         cstackCOMRAM 00000E
ADC_Set_Channel_As_Inbut@channel                      cstackCOMRAM 000010
ADC_Start_Conversion@adc_                             cstackCOMRAM 00000E
ADC_Start_Conversion@ret                              cstackCOMRAM 000010
ADC_Start_Conversion_Interrupt_Mode@adc_              cstackCOMRAM 000017
ADC_Start_Conversion_Interrupt_Mode@channel           cstackCOMRAM 000019
ADC_Start_Conversion_Interrupt_Mode@ret               cstackCOMRAM 00001A
CCP_Capture_Read_Value@F2943                          bssCOMRAM    00004C
GPIO_Pin_Direction_Intialize@_Pin_Config_             cstackCOMRAM 00000E
GPIO_Pin_Direction_Intialize@ret                      cstackCOMRAM 000016
GPIO_Pin_Intialize@_Pin_Config_                       cstackCOMRAM 000019
GPIO_Pin_Intialize@ret                                cstackCOMRAM 00001B
GPIO_Pin_Write_Logic@Logic                            cstackCOMRAM 000010
GPIO_Pin_Write_Logic@_Pin_Config_                     cstackCOMRAM 00000E
GPIO_Pin_Write_Logic@ret                              cstackCOMRAM 000017
Led_Intialize@F2820                                   bssCOMRAM    00005A
Led_Intialize@Led                                     cstackCOMRAM 00001D
Led_Intialize@_pin_config_                            cstackCOMRAM 000022
Led_Intialize@ret                                     cstackCOMRAM 000020
Led_Toggle@F2835                                      bssCOMRAM    000057
Led_Turn_Off@F2830                                    bssCOMRAM    000058
Led_Turn_Off@Led                                      cstackCOMRAM 000019
Led_Turn_Off@_pin_config_                             cstackCOMRAM 00001E
Led_Turn_Off@ret                                      cstackCOMRAM 00001C
Led_Turn_On@F2825                                     bssCOMRAM    000059
Led_Turn_On@Led                                       cstackCOMRAM 000019
Led_Turn_On@_pin_config_                              cstackCOMRAM 00001E
Led_Turn_On@ret                                       cstackCOMRAM 00001C
MSSP_SPI_Msster_Mode_GPIO_PIN_Configurations@F2863    dataCOMRAM   000065
MSSP_SPI_Msster_Mode_GPIO_PIN_Configurations@F2865    dataCOMRAM   000064
MSSP_SPI_Msster_Mode_GPIO_PIN_Configurations@F2867    dataCOMRAM   000063
MSSP_SPI_Msster_Mode_GPIO_PIN_Configurations@SPI_SCK  cstackCOMRAM 00001A
MSSP_SPI_Msster_Mode_GPIO_PIN_Configurations@SPI_SDI  cstackCOMRAM 000019
MSSP_SPI_Msster_Mode_GPIO_PIN_Configurations@SPI_SDO  cstackCOMRAM 000018
MSSP_SPI_Slave_Mode_GPIO_PIN_Configurations@F2872     dataCOMRAM   000062
MSSP_SPI_Slave_Mode_GPIO_PIN_Configurations@F2874     dataCOMRAM   000061
MSSP_SPI_Slave_Mode_GPIO_PIN_Configurations@F2876     dataCOMRAM   000060
MSSP_SPI_Slave_Mode_GPIO_PIN_Configurations@F2878     dataCOMRAM   00005F
MSSP_SPI_Slave_Mode_GPIO_PIN_Configurations@SPI_SCK   cstackCOMRAM 00001E
MSSP_SPI_Slave_Mode_GPIO_PIN_Configurations@SPI_SDI   cstackCOMRAM 00001C
MSSP_SPI_Slave_Mode_GPIO_PIN_Configurations@SPI_SDO   cstackCOMRAM 00001B
MSSP_SPI_Slave_Mode_GPIO_PIN_Configurations@SPI_SS    cstackCOMRAM 00001D
MSSP_SPI_Slave_Mode_GPIO_PIN_Configurations@_SPI_     cstackCOMRAM 000018
RB4_ISR@state                                         cstackCOMRAM 000001
RB5_ISR@state                                         cstackCOMRAM 000001
RB6_ISR@state                                         cstackCOMRAM 000001
RB7_ISR@state                                         cstackCOMRAM 000001
Relay_Intialize@F2818                                 bssCOMRAM    000056
Relay_Turn_Off@F2829                                  bssCOMRAM    000054
Relay_Turn_On@F2823                                   bssCOMRAM    000055
SPI_Init@_SPI_                                        cstackCOMRAM 00001F
SPI_Read_Byte@_data                                   cstackCOMRAM 00000E
SPI_Send_Byte@_data                                   cstackCOMRAM 000010
_ADC1_ISR                                             text45       002AAC
_ADCON0bits                                           (abs)        000FC2
_ADCON1bits                                           (abs)        000FC1
_ADCON2bits                                           (abs)        000FC0
_ADC_Channel_Selection                                text22       0028B4
_ADC_Get_Conversion_Result                            text46       002234
_ADC_ISR                                              text44       002A7A
_ADC_Intialization                                    text8        0023F4
_ADC_Select_Voltage_Reference                         text10       002954
_ADC_Select_format_status                             text9        00299E
_ADC_Set_Channel_As_Inbut                             text23       002322
_ADC_Start_Conversion                                 text21       002A48
_ADC_Start_Conversion_Interrupt_Mode                  text20       002908
_ADC_interruptHandler                                 bssCOMRAM    000052
_ADRESH                                               (abs)        000FC4
_ADRESL                                               (abs)        000FC3
_BAUDCONbits                                          (abs)        000FB8
_CCP1CONbits                                          (abs)        000FBD
_CCP1_ISR                                             text43       002BC4
_CCP1_IntterruptHandeler                              bssCOMRAM    000050
_CCP2CONbits                                          (abs)        000FBA
_CCP2_ISR                                             text42       002BC0
_CCP2_IntterruptHandeler                              bssCOMRAM    00004E
_CCPR1H                                               (abs)        000FBF
_CCPR1L                                               (abs)        000FBE
_CCPR2H                                               (abs)        000FBC
_CCPR2L                                               (abs)        000FBB
_ECCP1ASbits                                          (abs)        000FB6
_ECCP_ISR                                             text41       002BBC
_ECCP_IntterruptHandeler_                             bssCOMRAM    00004A
_EEADR                                                (abs)        000FA9
_EEADRH                                               (abs)        000FAA
_EECON1bits                                           (abs)        000FA6
_EECON2                                               (abs)        000FA7
_EEDATA                                               (abs)        000FA8
_EUSART_FRAMINGERRORDefaultHandler_                   bssBANK0     000097
_EUSART_OVERRUNERRORDefaultHandler_                   bssBANK0     000095
_GPIO_Pin_Direction_Intialize                         text7        001D56
_GPIO_Pin_Intialize                                   text6        002854
_GPIO_Pin_Write_Logic                                 text19       001EA8
_I2C_DefaultInterruptHandle                           bssCOMRAM    000046
_I2C_Report_Write_Collision_InterruptHandler          bssCOMRAM    000048
_INT0_ISR                                             text40       002BB8
_INT0_interruptHandler                                bssCOMRAM    000044
_INT1_ISR                                             text39       002BB4
_INT1_interruptHandler                                bssCOMRAM    000042
_INT2_ISR                                             text38       002BB0
_INT2_interruptHandler                                bssCOMRAM    000040
_INTCON2bits                                          (abs)        000FF1
_INTCON3bits                                          (abs)        000FF0
_INTCONbits                                           (abs)        000FF2
_InterruptManagerHigh                                 intcode      000008
_Key_Pad_Array                                        smallconst   001001
_LATA                                                 (abs)        000F89
_LATB                                                 (abs)        000F8A
_LATC                                                 (abs)        000F8B
_LATD                                                 (abs)        000F8C
_LATE                                                 (abs)        000F8D
_Lat_Reg                                              dataBANK0    0000BF
_Led_Intialize                                        text5        002688
_Led_Turn_Off                                         text18       0025F6
_Led_Turn_On                                          text17       002564
_MSSP_I2C_BC_ISR                                      text37       002BAC
_MSSP_I2C_ISR                                         text36       002BA8
_MSSP_SPI_Msster_Mode_GPIO_PIN_Configurations         text4        002A16
_MSSP_SPI_Slave_Mode_GPIO_PIN_Configurations          text3        00278A
_PIE1bits                                             (abs)        000F9D
_PIE2bits                                             (abs)        000FA0
_PIR1bits                                             (abs)        000F9E
_PIR2bits                                             (abs)        000FA1
_PORTA                                                (abs)        000F80
_PORTB                                                (abs)        000F81
_PORTBbits                                            (abs)        000F81
_PORTC                                                (abs)        000F82
_PORTD                                                (abs)        000F83
_PORTE                                                (abs)        000F84
_PR2                                                  (abs)        000FCB
_PWM1CONbits                                          (abs)        000FB7
_Port_Reg                                             dataBANK0    0000B5
_RB4_ISR                                              text35       002B34
_RB4_flag                                             dataCOMRAM   000069
_RB4_interruptHandler_High                            bssCOMRAM    00003E
_RB4_interruptHandler_Low                             bssBANK0     0000B1
_RB5_ISR                                              text34       002B1A
_RB5_flag                                             dataCOMRAM   000068
_RB5_interruptHandler_High                            bssBANK0     0000AF
_RB5_interruptHandler_Low                             bssBANK0     0000AD
_RB6_ISR                                              text33       002B00
_RB6_flag                                             dataCOMRAM   000067
_RB6_interruptHandler_High                            bssBANK0     0000AB
_RB6_interruptHandler_Low                             bssBANK0     0000A9
_RB7_ISR                                              text32       002AE6
_RB7_flag                                             dataCOMRAM   000066
_RB7_interruptHandler_High                            bssBANK0     0000A7
_RB7_interruptHandler_Low                             bssBANK0     0000A5
_RCREG                                                (abs)        000FAE
_RCSTAbits                                            (abs)        000FAB
_SPBRG                                                (abs)        000FAF
_SPBRGH                                               (abs)        000FB0
_SPI_ISR                                              text31       002BCA
_SPI_Init                                             text2        001FEE
_SPI_Read_Byte                                        text16       002ACA
_SPI_Send_Byte                                        text15       002B4E
_SSPADD                                               (abs)        000FC8
_SSPBUF                                               (abs)        000FC9
_SSPCON1bits                                          (abs)        000FC6
_SSPCON2bits                                          (abs)        000FC5
_SSPSTATbits                                          (abs)        000FC7
_T0CONbits                                            (abs)        000FD5
_T1CONbits                                            (abs)        000FCD
_T2CONbits                                            (abs)        000FCA
_T3CONbits                                            (abs)        000FB1
_TIMER0_ISR                                           text30       002B86
_TIMER0_IntterruptHandeler                            bssBANK0     0000A3
_TIMER1_ISR                                           text29       002B92
_TIMER1_IntterruptHandeler                            bssBANK0     0000A1
_TIMER2_ISR                                           text28       002B9C
_TIMER2_IntterruptHandeler_                           bssBANK0     00009F
_TIMER3_ISR                                           text27       002B7A
_TIMER3_InterruptHandler                              bssBANK0     00009D
_TMR0H                                                (abs)        000FD7
_TMR0L                                                (abs)        000FD6
_TMR1H                                                (abs)        000FCF
_TMR1L                                                (abs)        000FCE
_TMR2                                                 (abs)        000FCC
_TMR3H                                                (abs)        000FB3
_TMR3L                                                (abs)        000FB2
_TRISA                                                (abs)        000F92
_TRISB                                                (abs)        000F93
_TRISC                                                (abs)        000F94
_TRISCbits                                            (abs)        000F94
_TRISD                                                (abs)        000F95
_TRISE                                                (abs)        000F96
_TXREG                                                (abs)        000FAD
_TXSTAbits                                            (abs)        000FAC
_Tris_Reg                                             dataBANK0    0000C9
_USART_RX_ISR                                         text26       002BC8
_USART_RX_IntterruptHandeler_                         bssBANK0     000099
_USART_TX_ISR                                         text25       002BA4
_USART_TX_IntterruptHandeler_                         bssBANK0     00009B
__HRAM                                                (abs)        000000
__H__absolute__                                       __absolute__ 000000
__Habs1                                               abs1         000000
__Hbank0                                              bank0        000000
__Hbank1                                              bank1        000000
__Hbank10                                             bank10       000000
__Hbank11                                             bank11       000000
__Hbank12                                             bank12       000000
__Hbank13                                             bank13       000000
__Hbank14                                             bank14       000000
__Hbank15                                             bank15       000000
__Hbank2                                              bank2        000000
__Hbank3                                              bank3        000000
__Hbank4                                              bank4        000000
__Hbank5                                              bank5        000000
__Hbank6                                              bank6        000000
__Hbank7                                              bank7        000000
__Hbank8                                              bank8        000000
__Hbank9                                              bank9        000000
__Hbigbss                                             bigbss       000000
__Hbigdata                                            bigdata      000000
__Hbigram                                             bigram       000000
__Hbigsfr                                             bigsfr       000000
__Hbss                                                bss          000000
__HbssBANK0                                           bssBANK0     000000
__HbssCOMRAM                                          bssCOMRAM    000000
__Hcinit                                              cinit        000000
__Hclrtext                                            clrtext      000000
__Hcomram                                             comram       000000
__Hconfig                                             config       30000E
__Hconst                                              const        000000
__HcstackBANK0                                        cstackBANK0  000000
__HcstackCOMRAM                                       cstackCOMRAM 000000
__Hdata                                               data         000000
__HdataBANK0                                          dataBANK0    000000
__HdataCOMRAM                                         dataCOMRAM   000000
__Heeprom_data                                        eeprom_data  000000
__Hfarbss                                             farbss       000000
__Hfardata                                            fardata      000000
__Hheap                                               heap         000000
__Hibigdata                                           ibigdata     000000
__Hidata                                              idata        000000
__HidataBANK0                                         idataBANK0   000000
__HidataCOMRAM                                        idataCOMRAM  000000
__Hidloc                                              idloc        200008
__Hifardata                                           ifardata     000000
__Hinit                                               init         000012
__Hintcode                                            intcode      00000E
__Hintcode_body                                       intcode_body 000000
__Hintcodelo                                          intcodelo    00000E
__Hintentry                                           intentry     000000
__Hintret                                             intret       000000
__Hintsave_regs                                       intsave_regs 000000
__Hirdata                                             irdata       000000
__Hmediumconst                                        mediumconst  000000
__HnvBANK0                                            nvBANK0      000000
__HnvFARRAM                                           nvFARRAM     000000
__Hnvbit                                              nvbit        000000
__Hnvrram                                             nvrram       000000
__Hparam                                              rparam       000000
__Hpowerup                                            powerup      00000E
__Hram                                                ram          000000
__Hramtop                                             ramtop       001000
__Hrbit                                               rbit         000000
__Hrbss                                               rbss         000000
__Hrdata                                              rdata        000000
__Hreset_vec                                          reset_vec    000004
__Hrparam                                             rparam       000000
__Hsfr                                                sfr          000000
__Hsmallconst                                         smallconst   001016
__Hspace_0                                            (abs)        002BCC
__Hspace_1                                            (abs)        0000F8
__Hspace_2                                            (abs)        000000
__Hspace_4                                            (abs)        60000E
__Hstack                                              stack        000000
__Hstruct                                             struct       000000
__Htemp                                               temp         000073
__Htext                                               text         000000
__Htext0                                              text0        000000
__Htext1                                              text1        000000
__Htext10                                             text10       000000
__Htext11                                             text11       000000
__Htext12                                             text12       000000
__Htext13                                             text13       000000
__Htext14                                             text14       000000
__Htext15                                             text15       000000
__Htext16                                             text16       000000
__Htext17                                             text17       000000
__Htext18                                             text18       000000
__Htext19                                             text19       000000
__Htext2                                              text2        000000
__Htext20                                             text20       000000
__Htext21                                             text21       000000
__Htext22                                             text22       000000
__Htext23                                             text23       000000
__Htext25                                             text25       000000
__Htext26                                             text26       000000
__Htext27                                             text27       000000
__Htext28                                             text28       000000
__Htext29                                             text29       000000
__Htext3                                              text3        000000
__Htext30                                             text30       000000
__Htext31                                             text31       000000
__Htext32                                             text32       000000
__Htext33                                             text33       000000
__Htext34                                             text34       000000
__Htext35                                             text35       000000
__Htext36                                             text36       000000
__Htext37                                             text37       000000
__Htext38                                             text38       000000
__Htext39                                             text39       000000
__Htext4                                              text4        000000
__Htext40                                             text40       000000
__Htext41                                             text41       000000
__Htext42                                             text42       000000
__Htext43                                             text43       000000
__Htext44                                             text44       000000
__Htext45                                             text45       000000
__Htext46                                             text46       000000
__Htext47                                             text47       000000
__Htext5                                              text5        000000
__Htext6                                              text6        000000
__Htext7                                              text7        000000
__Htext8                                              text8        000000
__Htext9                                              text9        000000
__LRAM                                                (abs)        000001
__L__absolute__                                       __absolute__ 000000
__Labs1                                               abs1         000000
__Lbank0                                              bank0        000000
__Lbank1                                              bank1        000000
__Lbank10                                             bank10       000000
__Lbank11                                             bank11       000000
__Lbank12                                             bank12       000000
__Lbank13                                             bank13       000000
__Lbank14                                             bank14       000000
__Lbank15                                             bank15       000000
__Lbank2                                              bank2        000000
__Lbank3                                              bank3        000000
__Lbank4                                              bank4        000000
__Lbank5                                              bank5        000000
__Lbank6                                              bank6        000000
__Lbank7                                              bank7        000000
__Lbank8                                              bank8        000000
__Lbank9                                              bank9        000000
__Lbigbss                                             bigbss       000000
__Lbigdata                                            bigdata      000000
__Lbigram                                             bigram       000000
__Lbigsfr                                             bigsfr       000000
__Lbss                                                bss          000000
__LbssBANK0                                           bssBANK0     000000
__LbssCOMRAM                                          bssCOMRAM    000000
__Lcinit                                              cinit        000000
__Lclrtext                                            clrtext      000000
__Lcomram                                             comram       000000
__Lconfig                                             config       000000
__Lconst                                              const        000000
__LcstackBANK0                                        cstackBANK0  000000
__LcstackCOMRAM                                       cstackCOMRAM 000000
__Ldata                                               data         000000
__LdataBANK0                                          dataBANK0    000000
__LdataCOMRAM                                         dataCOMRAM   000000
__Leeprom_data                                        eeprom_data  000000
__Lfarbss                                             farbss       000000
__Lfardata                                            fardata      000000
__Lheap                                               heap         000000
__Libigdata                                           ibigdata     000000
__Lidata                                              idata        000000
__LidataBANK0                                         idataBANK0   000000
__LidataCOMRAM                                        idataCOMRAM  000000
__Lidloc                                              idloc        000000
__Lifardata                                           ifardata     000000
__Linit                                               init         00000E
__Lintcode                                            intcode      000008
__Lintcode_body                                       intcode_body 000000
__Lintcodelo                                          intcodelo    00000E
__Lintentry                                           intentry     000000
__Lintret                                             intret       000000
__Lintsave_regs                                       intsave_regs 000000
__Lirdata                                             irdata       000000
__Lmediumconst                                        mediumconst  000000
__LnvBANK0                                            nvBANK0      000000
__LnvFARRAM                                           nvFARRAM     000000
__Lnvbit                                              nvbit        000000
__Lnvrram                                             nvrram       000000
__Lparam                                              rparam       000000
__Lpowerup                                            powerup      00000E
__Lram                                                ram          000000
__Lramtop                                             ramtop       001000
__Lrbit                                               rbit         000000
__Lrbss                                               rbss         000000
__Lrdata                                              rdata        000000
__Lreset_vec                                          reset_vec    000000
__Lrparam                                             rparam       000000
__Lsfr                                                sfr          000000
__Lsmallconst                                         smallconst   001000
__Lspace_0                                            (abs)        000000
__Lspace_1                                            (abs)        000000
__Lspace_2                                            (abs)        000000
__Lspace_4                                            (abs)        000000
__Lstack                                              stack        000000
__Lstruct                                             struct       000000
__Ltemp                                               temp         000072
__Ltext                                               text         000000
__Ltext0                                              text0        000000
__Ltext1                                              text1        000000
__Ltext10                                             text10       000000
__Ltext11                                             text11       000000
__Ltext12                                             text12       000000
__Ltext13                                             text13       000000
__Ltext14                                             text14       000000
__Ltext15                                             text15       000000
__Ltext16                                             text16       000000
__Ltext17                                             text17       000000
__Ltext18                                             text18       000000
__Ltext19                                             text19       000000
__Ltext2                                              text2        000000
__Ltext20                                             text20       000000
__Ltext21                                             text21       000000
__Ltext22                                             text22       000000
__Ltext23                                             text23       000000
__Ltext25                                             text25       000000
__Ltext26                                             text26       000000
__Ltext27                                             text27       000000
__Ltext28                                             text28       000000
__Ltext29                                             text29       000000
__Ltext3                                              text3        000000
__Ltext30                                             text30       000000
__Ltext31                                             text31       000000
__Ltext32                                             text32       000000
__Ltext33                                             text33       000000
__Ltext34                                             text34       000000
__Ltext35                                             text35       000000
__Ltext36                                             text36       000000
__Ltext37                                             text37       000000
__Ltext38                                             text38       000000
__Ltext39                                             text39       000000
__Ltext4                                              text4        000000
__Ltext40                                             text40       000000
__Ltext41                                             text41       000000
__Ltext42                                             text42       000000
__Ltext43                                             text43       000000
__Ltext44                                             text44       000000
__Ltext45                                             text45       000000
__Ltext46                                             text46       000000
__Ltext47                                             text47       000000
__Ltext5                                              text5        000000
__Ltext6                                              text6        000000
__Ltext7                                              text7        000000
__Ltext8                                              text8        000000
__Ltext9                                              text9        000000
__S0                                                  (abs)        002BCC
__S1                                                  (abs)        0000F8
__S4                                                  (abs)        000000
__S5                                                  (abs)        000000
___flmul                                              text14       00145C
___flmul@a                                            cstackCOMRAM 000020
___flmul@aexp                                         cstackBANK0  0000EA
___flmul@b                                            cstackCOMRAM 00001C
___flmul@bexp                                         cstackBANK0  0000EF
___flmul@grs                                          cstackBANK0  0000EB
___flmul@prod                                         cstackBANK0  0000F0
___flmul@sign                                         cstackBANK0  0000E9
___flmul@temp                                         cstackBANK0  0000F4
___fltol                                              text13       00212E
___fltol@exp1                                         cstackCOMRAM 000031
___fltol@f1                                           cstackCOMRAM 000028
___fltol@sign1                                        cstackCOMRAM 000030
___heap_hi                                            (abs)        000000
___heap_lo                                            (abs)        000000
___inthi_sp                                           stack        000000
___intlo_sp                                           stack        000000
___lwdiv                                              text12       002716
___lwdiv@counter                                      cstackCOMRAM 000014
___lwdiv@dividend                                     cstackCOMRAM 00000E
___lwdiv@divisor                                      cstackCOMRAM 000010
___lwdiv@quotient                                     cstackCOMRAM 000012
___param_bank                                         (abs)        000000
___rparam_used                                        (abs)        000001
___sp                                                 stack        000000
___xxtofl                                             text11       001BA2
___xxtofl@arg                                         cstackCOMRAM 000018
___xxtofl@exp                                         cstackCOMRAM 000017
___xxtofl@sign                                        cstackCOMRAM 000016
___xxtofl@val                                         cstackCOMRAM 00000E
__accesstop                                           (abs)        000080
__activetblptr                                        (abs)        000003
__end_of_ADC1_ISR                                     text45       002ACA
__end_of_ADC_Channel_Selection                        text22       002908
__end_of_ADC_Get_Conversion_Result                    text46       002322
__end_of_ADC_ISR                                      text44       002AAC
__end_of_ADC_Intialization                            text8        0024C2
__end_of_ADC_Select_Voltage_Reference                 text10       00299E
__end_of_ADC_Select_format_status                     text9        0029E2
__end_of_ADC_Set_Channel_As_Inbut                     text23       0023F4
__end_of_ADC_Start_Conversion                         text21       002A7A
__end_of_ADC_Start_Conversion_Interrupt_Mode          text20       002954
__end_of_CCP1_ISR                                     text43       002BC8
__end_of_CCP2_ISR                                     text42       002BC4
__end_of_ECCP_ISR                                     text41       002BC0
__end_of_GPIO_Pin_Direction_Intialize                 text7        001EA8
__end_of_GPIO_Pin_Intialize                           text6        0028B4
__end_of_GPIO_Pin_Write_Logic                         text19       001FEE
__end_of_INT0_ISR                                     text40       002BBC
__end_of_INT1_ISR                                     text39       002BB8
__end_of_INT2_ISR                                     text38       002BB4
__end_of_InterruptManagerHigh                         intcode_body 00145C
__end_of_Key_Pad_Array                                smallconst   001011
__end_of_Led_Intialize                                text5        002716
__end_of_Led_Turn_Off                                 text18       002688
__end_of_Led_Turn_On                                  text17       0025F6
__end_of_MSSP_I2C_BC_ISR                              text37       002BB0
__end_of_MSSP_I2C_ISR                                 text36       002BAC
__end_of_MSSP_SPI_Msster_Mode_GPIO_PIN_Configurations text4        002A48
__end_of_MSSP_SPI_Slave_Mode_GPIO_PIN_Configurations  text3        0027F2
__end_of_RB4_ISR                                      text35       002B4E
__end_of_RB5_ISR                                      text34       002B34
__end_of_RB6_ISR                                      text33       002B1A
__end_of_RB7_ISR                                      text32       002B00
__end_of_SPI_ISR                                      text31       002BCC
__end_of_SPI_Init                                     text2        00212E
__end_of_SPI_Read_Byte                                text16       002AE6
__end_of_SPI_Send_Byte                                text15       002B66
__end_of_TIMER0_ISR                                   text30       002B92
__end_of_TIMER1_ISR                                   text29       002B9C
__end_of_TIMER2_ISR                                   text28       002BA4
__end_of_TIMER3_ISR                                   text27       002B86
__end_of_USART_RX_ISR                                 text26       002BCA
__end_of_USART_TX_ISR                                 text25       002BA8
__end_of___flmul                                      text14       001888
__end_of___fltol                                      text13       002234
__end_of___lwdiv                                      text12       00278A
__end_of___xxtofl                                     text11       001D56
__end_of__initialization                              cinit        00284A
__end_of_intialization                                text1        002564
__end_of_main                                         text0        001BA2
__initialization                                      cinit        0027F2
__mediumconst                                         mediumconst  000000
__pbssBANK0                                           bssBANK0     000080
__pbssCOMRAM                                          bssCOMRAM    000034
__pcinit                                              cinit        0027F2
__pcstackBANK0                                        cstackBANK0  0000E9
__pcstackCOMRAM                                       cstackCOMRAM 000001
__pdataBANK0                                          dataBANK0    0000B5
__pdataCOMRAM                                         dataCOMRAM   00005F
__pidataBANK0                                         idataBANK0   0029E2
__pidataCOMRAM                                        idataCOMRAM  002B66
__pintcode                                            intcode      000008
__pintcode_body                                       intcode_body 001016
__pnvBANK0                                            nvBANK0      0000F6
__psmallconst                                         smallconst   001000
__ptext0                                              text0        001888
__ptext1                                              text1        0024C2
__ptext10                                             text10       002954
__ptext11                                             text11       001BA2
__ptext12                                             text12       002716
__ptext13                                             text13       00212E
__ptext14                                             text14       00145C
__ptext15                                             text15       002B4E
__ptext16                                             text16       002ACA
__ptext17                                             text17       002564
__ptext18                                             text18       0025F6
__ptext19                                             text19       001EA8
__ptext2                                              text2        001FEE
__ptext20                                             text20       002908
__ptext21                                             text21       002A48
__ptext22                                             text22       0028B4
__ptext23                                             text23       002322
__ptext25                                             text25       002BA4
__ptext26                                             text26       002BC8
__ptext27                                             text27       002B7A
__ptext28                                             text28       002B9C
__ptext29                                             text29       002B92
__ptext3                                              text3        00278A
__ptext30                                             text30       002B86
__ptext31                                             text31       002BCA
__ptext32                                             text32       002AE6
__ptext33                                             text33       002B00
__ptext34                                             text34       002B1A
__ptext35                                             text35       002B34
__ptext36                                             text36       002BA8
__ptext37                                             text37       002BAC
__ptext38                                             text38       002BB0
__ptext39                                             text39       002BB4
__ptext4                                              text4        002A16
__ptext40                                             text40       002BB8
__ptext41                                             text41       002BBC
__ptext42                                             text42       002BC0
__ptext43                                             text43       002BC4
__ptext44                                             text44       002A7A
__ptext45                                             text45       002AAC
__ptext46                                             text46       002234
__ptext47                                             text47       000000
__ptext5                                              text5        002688
__ptext6                                              text6        002854
__ptext7                                              text7        001D56
__ptext8                                              text8        0023F4
__ptext9                                              text9        00299E
__ramtop                                              ramtop       001000
__smallconst                                          smallconst   001000
_adc_1                                                dataBANK0    0000DB
_conv_result_temp                                     bssCOMRAM    00005B
_intialization                                        text1        0024C2
_key_pad1                                             dataBANK0    0000D3
_lcd1                                                 dataBANK0    0000E1
_led_Admin                                            bssCOMRAM    00005E
_led_Air_con                                          dataCOMRAM   00006A
_led_Block                                            dataCOMRAM   000071
_led_Guest                                            dataCOMRAM   000070
_led_Room1                                            dataCOMRAM   00006F
_led_Room2                                            dataCOMRAM   00006E
_led_Room3                                            dataCOMRAM   00006D
_led_Room4                                            dataCOMRAM   00006C
_led_TV                                               dataCOMRAM   00006B
_main                                                 text0        001888
_pre_load                                             bssCOMRAM    00003C
_pre_load@mcal_timer1$F3694                           bssCOMRAM    00003A
_pre_load@mcal_timer2$F3864                           bssCOMRAM    000038
_ret                                                  nvBANK0      0000F6
_spi_read_master                                      bssCOMRAM    00005D
_spi_slave                                            dataBANK0    0000E7
_temperature                                          bssCOMRAM    000034
_timer3_preload_value                                 bssCOMRAM    000036
btemp                                                 temp         000072
end_of_initialization                                 cinit        00284A
int$flags                                             temp         000072
int_func                                              intcode_body 001016
intlevel0                                             text         000000
intlevel1                                             text         000000
intlevel2                                             text         000000
intlevel3                                             text         000000
isa$std                                               (abs)        000001
isa$xinst                                             (abs)        000000
stackhi                                               (abs)        000000
stacklo                                               (abs)        000000
start                                                 init         00000E
start_initialization                                  cinit        0027F2
ttemp5                                                temp         000073
ttemp6                                                temp         000076
ttemp7                                                temp         00007A
wtemp8                                                temp         000073


MODULE INFORMATION

Module		Function		Class		Link	Load	Size
MCAL_Layer/ECCP/hal_eccp.c
		_ECCP_ISR      		CODE           	2BBC	0000	4

MCAL_Layer/ECCP/hal_eccp.c estimated size: 4

C:\Program Files\Microchip\xc8\v2.41\pic\sources\c99\common\fltol.c
		___fltol       		CODE           	212E	0000	262

C:\Program Files\Microchip\xc8\v2.41\pic\sources\c99\common\fltol.c estimated size: 262

MCAL_Layer/Timer2/mcal_timer2.c
		_TIMER2_ISR    		CODE           	2B9C	0000	8

MCAL_Layer/Timer2/mcal_timer2.c estimated size: 8

C:\Program Files\Microchip\xc8\v2.41\pic\sources\c99\common\xxtofl.c
		___xxtofl      		CODE           	1BA2	0000	436

C:\Program Files\Microchip\xc8\v2.41\pic\sources\c99\common\xxtofl.c estimated size: 436

MCAL_Layer/Timer0/mcal_timer0.c
		_TIMER0_ISR    		CODE           	2B86	0000	12

MCAL_Layer/Timer0/mcal_timer0.c estimated size: 12

MCAL_Layer/SPI/hal_spi.c
		_MSSP_SPI_Msster_Mode_GPIO_PIN_Configurations		CODE           	2A16	0000	50
		_SPI_ISR       		CODE           	2BCA	0000	2
		_MSSP_SPI_Slave_Mode_GPIO_PIN_Configurations		CODE           	278A	0000	104
		_SPI_Init      		CODE           	1FEE	0000	320
		_SPI_Read_Byte 		CODE           	2ACA	0000	28
		_SPI_Send_Byte 		CODE           	2B4E	0000	24

MCAL_Layer/SPI/hal_spi.c estimated size: 528

C:\Program Files\Microchip\xc8\v2.41\pic\sources\c99\common\lwdiv.c
		___lwdiv       		CODE           	2716	0000	116

C:\Program Files\Microchip\xc8\v2.41\pic\sources\c99\common\lwdiv.c estimated size: 116

MCAL_Layer/GPIO/hal_GPIO.c
		_GPIO_Pin_Intialize		CODE           	2854	0000	96
		_GPIO_Pin_Direction_Intialize		CODE           	1D56	0000	338
		_GPIO_Pin_Write_Logic		CODE           	1EA8	0000	326

MCAL_Layer/GPIO/hal_GPIO.c estimated size: 760

MCAL_Layer/I2C/hal_i2c.c
		_MSSP_I2C_ISR  		CODE           	2BA8	0000	4
		_MSSP_I2C_BC_ISR		CODE           	2BAC	0000	4

MCAL_Layer/I2C/hal_i2c.c estimated size: 8

Application.c
		_main          		CODE           	1888	0000	794
		_intialization 		CODE           	24C2	0000	162
		_ADC1_ISR      		CODE           	2AAC	0000	30

Application.c estimated size: 986

MCAL_Layer/CCP1/hal_ccp.c
		_CCP1_ISR      		CODE           	2BC4	0000	4
		_CCP2_ISR      		CODE           	2BC0	0000	4

MCAL_Layer/CCP1/hal_ccp.c estimated size: 8

MCAL_Layer/MCAL_ADC/mcal_adc.c
		_ADC_Start_Conversion		CODE           	2A48	0000	50
		_ADC_Select_Voltage_Reference		CODE           	2954	0000	74
		_ADC_Get_Conversion_Result		CODE           	2234	0000	238
		_ADC_ISR       		CODE           	2A7A	0000	50
		_ADC_Intialization		CODE           	23F4	0000	206
		_ADC_Set_Channel_As_Inbut		CODE           	2322	0000	210
		_ADC_Start_Conversion_Interrupt_Mode		CODE           	2908	0000	76
		_ADC_Channel_Selection		CODE           	28B4	0000	84
		_ADC_Select_format_status		CODE           	299E	0000	68

MCAL_Layer/MCAL_ADC/mcal_adc.c estimated size: 1056

MCAL_Layer/Timer3/mcal_timer3.c
		_TIMER3_ISR    		CODE           	2B7A	0000	12

MCAL_Layer/Timer3/mcal_timer3.c estimated size: 12

MCAL_Layer/Timer1/mcal_timer1.c
		_TIMER1_ISR    		CODE           	2B92	0000	10

MCAL_Layer/Timer1/mcal_timer1.c estimated size: 10

shared
		_Key_Pad_Array 		SMALLCONST     	1001	0000	16
		__initialization		CODE           	27F2	0000	88

shared estimated size: 104

MCAL_Layer/Interrupt/mcal_external_interrupt.c
		_RB4_ISR       		CODE           	2B34	0000	26
		_RB5_ISR       		CODE           	2B1A	0000	26
		_RB6_ISR       		CODE           	2B00	0000	26
		_RB7_ISR       		CODE           	2AE6	0000	26
		_INT0_ISR      		CODE           	2BB8	0000	4
		_INT1_ISR      		CODE           	2BB4	0000	4
		_INT2_ISR      		CODE           	2BB0	0000	4

MCAL_Layer/Interrupt/mcal_external_interrupt.c estimated size: 116

MCAL_Layer/Interrupt/mcal_interrupt_manager.c
		_InterruptManagerHigh		CODE           	0008	0000	1100

MCAL_Layer/Interrupt/mcal_interrupt_manager.c estimated size: 1100

MCAL_Layer/USART/hal_usart.c
		_USART_RX_ISR  		CODE           	2BC8	0000	2
		_USART_TX_ISR  		CODE           	2BA4	0000	4

MCAL_Layer/USART/hal_usart.c estimated size: 6

ECU_Layer/LED/ecu_Led.c
		_Led_Turn_On   		CODE           	2564	0000	146
		_Led_Turn_Off  		CODE           	25F6	0000	146
		_Led_Intialize 		CODE           	2688	0000	142

ECU_Layer/LED/ecu_Led.c estimated size: 434

C:\Program Files\Microchip\xc8\v2.41\pic\sources\c99\common\sprcmul.c
		___flmul       		CODE           	145C	0000	1068

C:\Program Files\Microchip\xc8\v2.41\pic\sources\c99\common\sprcmul.c estimated size: 1068

