Microchip MPLAB XC8 Compiler V2.41

Linker command line:

-W-3 \
  --edf=C:\Program Files\Microchip\xc8\v2.41\pic\dat\20230208172133_en.msgs \
  -cn -h+dist/default/production\code.production.sym \
  --cmf=dist/default/production\code.production.cmf -z -Q18F4620 \
  -oC:\Users\Yossri\AppData\Local\Temp\xcAs3c.\driver_tmp_3.o \
  --defsym=__MPLAB_BUILD=1 --fixupoverflow=error \
  -Mdist/default/production/code.production.map \
  --md=C:\Users\Yossri\AppData\Local\Temp\xcAs3c.\driver_tmp_0.dat -E1 \
  -ver=XC8 Compiler --acfsm=1493 -ACODE=00h-0FFFFh -ACONST=00h-0FFFFh \
  -ASMALLCONST=01000h-010FFhx240 -AMEDIUMCONST=01000h-0FFFFh \
  -ACOMRAM=01h-07Fh -AABS1=00h-0F7Fh -ABIGRAM=01h-0F7Fh \
  -ARAM=080h-0FFh,0100h-01FFhx14,0F00h-0F7Fh -ABANK0=080h-0FFh \
  -ABANK1=0100h-01FFh -ABANK2=0200h-02FFh -ABANK3=0300h-03FFh \
  -ABANK4=0400h-04FFh -ABANK5=0500h-05FFh -ABANK6=0600h-06FFh \
  -ABANK7=0700h-07FFh -ABANK8=0800h-08FFh -ABANK9=0900h-09FFh \
  -ABANK10=0A00h-0AFFh -ABANK11=0B00h-0BFFh -ABANK12=0C00h-0CFFh \
  -ABANK13=0D00h-0DFFh -ABANK14=0E00h-0EFFh -ABANK15=0F00h-0F7Fh \
  -ASFR=0F80h-0FFFh -ABIGSFR=0F80h-0FFFh -ACONFIG=0300000h-030000Dh \
  -AIDLOC=0200000h-0200007h -AEEDATA=0F00000h-0F003FFh -peeprom_data=EEDATA \
  -preset_vec=00h,intcode=08h,intcodelo,powerup,init -pramtop=01000h \
  -psmallconst=SMALLCONST -pmediumconst=MEDIUMCONST -pconst=CONST \
  -AFARRAM=00h-00h \
  -prdata=COMRAM,nvrram=COMRAM,nvbit=COMRAM,rbss=COMRAM,rbit=COMRAM \
  -pfarbss=FARRAM,fardata=FARRAM,nvFARRAM=FARRAM \
  -pintsave_regs=BIGRAM,bigbss=BIGRAM,bigdata=BIGRAM -pbss=RAM \
  -pidata=CODE,irdata=CODE,ibigdata=CODE,ifardata=CODE -prparam=COMRAM \
  C:\Users\Yossri\AppData\Local\Temp\xcAs3c.\driver_tmp_9.o \
  dist/default/production\code.production.o 

Object code version is 3.11

Machine type is 18F4620



                Name                               Link     Load   Length Selector   Space Scale
C:\Users\Yossri\AppData\Local\Temp\xcAs3c.\driver_tmp_9.o
                idloc                            200000   200000        8        0       5
                config                           300000   300000        E        0       4
                init                                  E        E        4        4       0
                reset_vec                             0        0        4        0       0
dist/default/production\code.production.o
                intcode                               8        8        6        4       0
                idloc                            200000   200000        8        0       5
                config                           300000   300000        E        0       4
                temp                                 65       65        1        1       1
                mediumconst                        FDCA     FDCA      236     7EE5       0
                text60                             447E     447E        2     2217       0
                text59                             4476     4476        4     2217       0
                text58                             4472     4472        4     2217       0
                text57                             446E     446E        4     2217       0
                text56                             446A     446A        4     2217       0
                text55                             4466     4466        4     2217       0
                text54                             4462     4462        4     2217       0
                text53                             445E     445E        4     2217       0
                text52                             445A     445A        4     2217       0
                text51                             4400     4400       1A     218C       0
                text50                             43E6     43E6       1A     218C       0
                text49                             43CC     43CC       1A     218C       0
                text48                             43B2     43B2       1A     218C       0
                text47                             447C     447C        2     2217       0
                text46                             4444     4444        A     2217       0
                text45                             324E     324E      146        4       0
                text44                             413E     413E       56        4       0
                text43                             434C     434C       30     218C       0
                text42                             3D26     3D26       7A        4       0
                text41                             3AA0     3AA0       88        4       0
                text40                             3CAC     3CAC       7A        4       0
                text39                             38E4     38E4       9A        4       0
                text38                             3F62     3F62       6A        4       0
                text37                             3C2C     3C2C       80        4       0
                text36                             426E     426E       3A        4       0
                text35                             443A     443A        A     2217       0
                text34                             444E     444E        8     2217       0
                text33                             442E     442E        C     2217       0
                text32                             447A     447A        2     2217       0
                text31                             4456     4456        4     2217       0
                intcode_body                       2880     2880      476        4       0
                text29                             4194     4194       52        4       0
                text28                             3DA0     3DA0       76        4       0
                text27                             34BC     34BC       CE        4       0
                text26                             3102     3102      14C        4       0
                text25                             3394     3394      128        4       0
                text24                             397E     397E       96        4       0
                text23                             4398     4398       1A     218C       0
                text22                             422E     422E       40        4       0
                text21                             358A     358A       BC        4       0
                text20                             408E     408E       5A        4       0
                text19                             3646     3646       B6        4       0
                text18                             2E5A     2E5A      158        4       0
                text17                             42A8     42A8       38        4       0
                text16                             3E16     3E16       72        4       0
                text15                             2FB2     2FB2      150        4       0
                text14                             3FCC     3FCC       64        4       0
                text13                             37A4     37A4       A4        4       0
                text12                             36FC     36FC       A8        4       0
                text11                             4030     4030       5E        4       0
                text10                             4318     4318       34     218C       0
                text9                              3BAA     3BAA       82        4       0
                text8                              2CF6     2CF6      164        4       0
                text7                              41E6     41E6       48        4       0
                text6                              437C     437C       1C     218C       0
                text5                              3B28     3B28       82        4       0
                text4                              3848     3848       9C        4       0
                text3                              40E8     40E8       56        4       0
                text2                              3A14     3A14       8C        4       0
                text1                              3EF6     3EF6       6C        4       0
                text0                                12       12     286E        4       0
                cstackCOMRAM                          1        1       32        1       1
                cstackBANK0                          EC       EC       12       80       1
                cstackBANK1                         100      100       16      100       1
                bssBANK1                            116      116        B      100       1
                dataBANK0                            80       80       37       80       1
                bssBANK0                             B7       B7       35       80       1
                dataCOMRAM                           52       52       13        1       1
                bssCOMRAM                            33       33       1F        1       1
                cinit                              3E88     3E88       6E        4       0
                nvBANK0                              FE       FE        2       80       1
                idataBANK0                         42E0     42E0       37        4       0
                idataCOMRAM                        441A     441A       13     218C       0

TOTAL           Name                               Link     Load   Length     Space
        CLASS   CODE           
                intcode                               8        8        6         0
                init                                  E        E        4         0
                reset_vec                             0        0        4         0
                text60                             447E     447E        2         0
                text59                             4476     4476        4         0
                text58                             4472     4472        4         0
                text57                             446E     446E        4         0
                text56                             446A     446A        4         0
                text55                             4466     4466        4         0
                text54                             4462     4462        4         0
                text53                             445E     445E        4         0
                text52                             445A     445A        4         0
                text51                             4400     4400       1A         0
                text50                             43E6     43E6       1A         0
                text49                             43CC     43CC       1A         0
                text48                             43B2     43B2       1A         0
                text47                             447C     447C        2         0
                text46                             4444     4444        A         0
                text45                             324E     324E      146         0
                text44                             413E     413E       56         0
                text43                             434C     434C       30         0
                text42                             3D26     3D26       7A         0
                text41                             3AA0     3AA0       88         0
                text40                             3CAC     3CAC       7A         0
                text39                             38E4     38E4       9A         0
                text38                             3F62     3F62       6A         0
                text37                             3C2C     3C2C       80         0
                text36                             426E     426E       3A         0
                text35                             443A     443A        A         0
                text34                             444E     444E        8         0
                text33                             442E     442E        C         0
                text32                             447A     447A        2         0
                text31                             4456     4456        4         0
                intcode_body                       2880     2880      476         0
                text29                             4194     4194       52         0
                text28                             3DA0     3DA0       76         0
                text27                             34BC     34BC       CE         0
                text26                             3102     3102      14C         0
                text25                             3394     3394      128         0
                text24                             397E     397E       96         0
                text23                             4398     4398       1A         0
                text22                             422E     422E       40         0
                text21                             358A     358A       BC         0
                text20                             408E     408E       5A         0
                text19                             3646     3646       B6         0
                text18                             2E5A     2E5A      158         0
                text17                             42A8     42A8       38         0
                text16                             3E16     3E16       72         0
                text15                             2FB2     2FB2      150         0
                text14                             3FCC     3FCC       64         0
                text13                             37A4     37A4       A4         0
                text12                             36FC     36FC       A8         0
                text11                             4030     4030       5E         0
                text10                             4318     4318       34         0
                text9                              3BAA     3BAA       82         0
                text8                              2CF6     2CF6      164         0
                text7                              41E6     41E6       48         0
                text6                              437C     437C       1C         0
                text5                              3B28     3B28       82         0
                text4                              3848     3848       9C         0
                text3                              40E8     40E8       56         0
                text2                              3A14     3A14       8C         0
                text1                              3EF6     3EF6       6C         0
                text0                                12       12     286E         0
                cinit                              3E88     3E88       6E         0
                idataBANK0                         42E0     42E0       37         0
                idataCOMRAM                        441A     441A       13         0

        CLASS   CONST          

        CLASS   SMALLCONST     

        CLASS   MEDIUMCONST    
                mediumconst                        FDCA     FDCA      236         0

        CLASS   COMRAM         
                temp                                 65       65        1         1
                cstackCOMRAM                          1        1       32         1
                dataCOMRAM                           52       52       13         1
                bssCOMRAM                            33       33       1F         1

        CLASS   ABS1           

        CLASS   BIGRAM         

        CLASS   RAM            

        CLASS   BANK0          
                cstackBANK0                          EC       EC       12         1
                dataBANK0                            80       80       37         1
                bssBANK0                             B7       B7       35         1
                nvBANK0                              FE       FE        2         1

        CLASS   BANK1          
                cstackBANK1                         100      100       16         1
                bssBANK1                            116      116        B         1

        CLASS   BANK2          

        CLASS   BANK3          

        CLASS   BANK4          

        CLASS   BANK5          

        CLASS   BANK6          

        CLASS   BANK7          

        CLASS   BANK8          

        CLASS   BANK9          

        CLASS   BANK10         

        CLASS   BANK11         

        CLASS   BANK12         

        CLASS   BANK13         

        CLASS   BANK14         

        CLASS   BANK15         

        CLASS   SFR            

        CLASS   BIGSFR         

        CLASS   CONFIG         
                config                           300000   300000        E         4

        CLASS   IDLOC          
                idloc                            200000   200000        8         5

        CLASS   EEDATA         

        CLASS   FARRAM         

        CLASS   HEAP           

        CLASS   STACK          



SEGMENTS        Name                           Load    Length   Top    Selector   Space  Class

                reset_vec                      000000  000004  000004         0       0  CODE    
                cstackCOMRAM                   000001  000065  000066         1       1  COMRAM  
                intcode                        000008  00430F  004317         4       0  CODE    
                dataBANK0                      000080  000080  000100        80       1  BANK0   
                cstackBANK1                    000100  000021  000121       100       1  BANK1   
                text10                         004318  000115  00442D      218C       0  CODE    
                text33                         00442E  000052  004480      2217       0  CODE    
                mediumconst                    00FDCA  000236  010000      7EE5       0  MEDIUMCO


UNUSED ADDRESS RANGES

        Name                Unused          Largest block    Delta
        BANK1            000121-0001FF               DF
        BANK10           000A00-000AFF              100
        BANK11           000B00-000BFF              100
        BANK12           000C00-000CFF              100
        BANK13           000D00-000DFF              100
        BANK14           000E00-000EFF              100
        BANK15           000F00-000F7F               80
        BANK2            000200-0002FF              100
        BANK3            000300-0003FF              100
        BANK4            000400-0004FF              100
        BANK5            000500-0005FF              100
        BANK6            000600-0006FF              100
        BANK7            000700-0007FF              100
        BANK8            000800-0008FF              100
        BANK9            000900-0009FF              100
        BIGRAM           000066-00007F               1A
                         000121-000F7F              E5F
        BIGSFR           000F80-000FFF               80
        CODE             000004-000007                4
                         004317-004317                1
                         00442D-00442D                1
                         004480-00FDC9             B94A
        COMRAM           000066-00007F               1A
        CONST            000004-000007                4
                         004317-004317                1
                         00442D-00442D                1
                         004480-00FDC9             B94A
        EEDATA           F00000-F003FF              400
        MEDIUMCONST      004317-004317                1
                         00442D-00442D                1
                         004480-00FDC9             B94A
        RAM              000121-000F7F              100
        SFR              000F80-000FFF               80
        SMALLCONST       004317-004317                1
                         00442D-00442D                1
                         004480-00FDC9              100

                                  Symbol Table

?_EEPROM_Data_ReadByte                                cstackBANK0  0000EC
?_EEPROM_Data_WriteByte                               cstackBANK0  0000EC
?_GPIO_Pin_Direction_Intialize                        cstackBANK0  0000EC
?_GPIO_Pin_Intialize                                  cstackBANK0  0000F7
?_GPIO_Pin_Read_Logic                                 cstackBANK0  0000EC
?_GPIO_Pin_Write_Logic                                cstackBANK0  0000EC
?_Key_Pad_Get_Value                                   cstackBANK0  0000F8
?_Key_Pad_Intialize                                   cstackBANK0  0000FB
?_Led_Intialize                                       cstackBANK0  0000FB
?_Led_Turn_On                                         cstackBANK0  0000F7
?_Timer0_Intialization                                cstackBANK0  0000EF
?_lcd_intialize                                       cstackBANK1  000106
?_lcd_send_ATpos_char_data                            cstackBANK1  00010C
?_lcd_send_ATpos_string_data                          cstackBANK1  00010C
?_lcd_send_char_data                                  cstackBANK1  000101
?_lcd_send_command                                    cstackBANK1  000101
?_lcd_send_string_data                                cstackBANK1  000106
?i2_GPIO_Pin_Write_Logic                              cstackCOMRAM 000001
?i2_lcd_send_ATpos_string_data                        cstackCOMRAM 00001F
?i2_lcd_send_char_data                                cstackCOMRAM 000014
?i2_lcd_send_command                                  cstackCOMRAM 000014
?i2_lcd_send_string_data                              cstackCOMRAM 000019
CCP_Capture_Read_Value@F2943                          bssCOMRAM    000043
EEPROM_Data_ReadByte@bAdd                             cstackBANK0  0000EC
EEPROM_Data_ReadByte@bData                            cstackBANK0  0000EE
EEPROM_Data_ReadByte@ret                              cstackBANK0  0000F0
EEPROM_Data_WriteByte@Global_int_status               cstackBANK0  0000EF
EEPROM_Data_WriteByte@bAdd                            cstackBANK0  0000EC
EEPROM_Data_WriteByte@bData                           cstackBANK0  0000EE
EEPROM_Data_WriteByte@ret                             cstackBANK0  0000F0
GPIO_Pin_Direction_Intialize@_Pin_Config_             cstackBANK0  0000EC
GPIO_Pin_Direction_Intialize@ret                      cstackBANK0  0000F4
GPIO_Pin_Intialize@_Pin_Config_                       cstackBANK0  0000F7
GPIO_Pin_Intialize@ret                                cstackBANK0  0000F9
GPIO_Pin_Read_Logic@Logic                             cstackBANK0  0000EE
GPIO_Pin_Read_Logic@_Pin_Config_                      cstackBANK0  0000EC
GPIO_Pin_Read_Logic@ret                               cstackBANK0  0000F6
GPIO_Pin_Write_Logic@Logic                            cstackBANK0  0000EE
GPIO_Pin_Write_Logic@_Pin_Config_                     cstackBANK0  0000EC
GPIO_Pin_Write_Logic@ret                              cstackBANK0  0000F5
Key_Pad_Get_Value@_key_pad                            cstackBANK0  0000F8
Key_Pad_Get_Value@coulmns                             cstackBANK1  000104
Key_Pad_Get_Value@coulmns_logic                       cstackBANK1  000102
Key_Pad_Get_Value@ret                                 cstackBANK1  000100
Key_Pad_Get_Value@rows                                cstackBANK1  000103
Key_Pad_Get_Value@value                               cstackBANK0  0000FA
Key_Pad_Intialize@_key_pad                            cstackBANK0  0000FB
Key_Pad_Intialize@counter                             cstackBANK1  000104
Key_Pad_Intialize@ret                                 cstackBANK1  000102
Led_Intialize@F2820                                   bssCOMRAM    000050
Led_Intialize@Led                                     cstackBANK0  0000FB
Led_Intialize@_pin_config_                            cstackBANK1  000102
Led_Intialize@ret                                     cstackBANK1  000100
Led_Toggle@F2835                                      bssCOMRAM    00004D
Led_Turn_Off@F2830                                    bssCOMRAM    00004E
Led_Turn_On@F2825                                     bssCOMRAM    00004F
Led_Turn_On@Led                                       cstackBANK0  0000F7
Led_Turn_On@_pin_config_                              cstackBANK0  0000FC
Led_Turn_On@ret                                       cstackBANK0  0000FA
MSSP_SPI_Msster_Mode_GPIO_PIN_Configurations@F2863    dataCOMRAM   000058
MSSP_SPI_Msster_Mode_GPIO_PIN_Configurations@F2865    dataCOMRAM   000057
MSSP_SPI_Msster_Mode_GPIO_PIN_Configurations@F2867    dataCOMRAM   000056
MSSP_SPI_Msster_Mode_GPIO_PIN_Configurations@SPI_SCK  cstackBANK0  0000F8
MSSP_SPI_Msster_Mode_GPIO_PIN_Configurations@SPI_SDI  cstackBANK0  0000F7
MSSP_SPI_Msster_Mode_GPIO_PIN_Configurations@SPI_SDO  cstackBANK0  0000F6
MSSP_SPI_Slave_Mode_GPIO_PIN_Configurations@F2872     dataCOMRAM   000055
MSSP_SPI_Slave_Mode_GPIO_PIN_Configurations@F2874     dataCOMRAM   000054
MSSP_SPI_Slave_Mode_GPIO_PIN_Configurations@F2876     dataCOMRAM   000053
MSSP_SPI_Slave_Mode_GPIO_PIN_Configurations@F2878     dataCOMRAM   000052
MSSP_SPI_Slave_Mode_GPIO_PIN_Configurations@SPI_SCK   cstackBANK0  0000FC
MSSP_SPI_Slave_Mode_GPIO_PIN_Configurations@SPI_SDI   cstackBANK0  0000FA
MSSP_SPI_Slave_Mode_GPIO_PIN_Configurations@SPI_SDO   cstackBANK0  0000F9
MSSP_SPI_Slave_Mode_GPIO_PIN_Configurations@SPI_SS    cstackBANK0  0000FB
MSSP_SPI_Slave_Mode_GPIO_PIN_Configurations@_SPI_     cstackBANK0  0000F6
RB4_ISR@state                                         cstackCOMRAM 000001
RB5_ISR@state                                         cstackCOMRAM 000001
RB6_ISR@state                                         cstackCOMRAM 000001
RB7_ISR@state                                         cstackCOMRAM 000001
Relay_Intialize@F2818                                 bssCOMRAM    00004C
Relay_Turn_Off@F2829                                  bssCOMRAM    00004A
Relay_Turn_On@F2823                                   bssCOMRAM    00004B
SPI_Init@_SPI_                                        cstackBANK1  000100
SPI_Send_Byte@_data                                   cstackBANK0  0000EE
Timer0_Bit_Mode_Select@timer0_                        cstackBANK0  0000EC
Timer0_Intialization@ret                              cstackBANK0  0000F3
Timer0_Intialization@timer0_                          cstackBANK0  0000EF
Timer0_Mode_Select@timer0_                            cstackBANK0  0000EC
Timer0_Prescaler_Config@timer0_                       cstackBANK0  0000EC
_ADCON0bits                                           (abs)        000FC2
_ADCON1bits                                           (abs)        000FC1
_ADCON2bits                                           (abs)        000FC0
_ADC_ISR                                              text60       00447E
_ADRESH                                               (abs)        000FC4
_ADRESL                                               (abs)        000FC3
_Admin_Start_address                                  dataBANK0    0000A3
_Admin_pass_flag                                      bssBANK0     0000EA
_Admin_pass_status                                    dataBANK0    0000B6
_BAUDCONbits                                          (abs)        000FB8
_CCP1CONbits                                          (abs)        000FBD
_CCP1_ISR                                             text59       004476
_CCP1_IntterruptHandeler                              bssCOMRAM    000047
_CCP2CONbits                                          (abs)        000FBA
_CCP2_ISR                                             text58       004472
_CCP2_IntterruptHandeler                              bssCOMRAM    000045
_CCPR1H                                               (abs)        000FBF
_CCPR1L                                               (abs)        000FBE
_CCPR2H                                               (abs)        000FBC
_CCPR2L                                               (abs)        000FBB
_Degree_sent                                          bssBANK0     0000E8
_ECCP1ASbits                                          (abs)        000FB6
_ECCP_ISR                                             text57       00446E
_ECCP_IntterruptHandeler_                             bssCOMRAM    000041
_EEADR                                                (abs)        000FA9
_EEADRH                                               (abs)        000FAA
_EECON1bits                                           (abs)        000FA6
_EECON2                                               (abs)        000FA7
_EEDATA                                               (abs)        000FA8
_EEPROM_Data_ReadByte                                 text29       004194
_EEPROM_Data_WriteByte                                text28       003DA0
_EUSART_FRAMINGERRORDefaultHandler_                   bssBANK0     0000C3
_EUSART_OVERRUNERRORDefaultHandler_                   bssBANK0     0000C1
_GPIO_Pin_Direction_Intialize                         text18       002E5A
_GPIO_Pin_Intialize                                   text14       003FCC
_GPIO_Pin_Read_Logic                                  text27       0034BC
_GPIO_Pin_Write_Logic                                 text26       003102
_Guest_Start_address                                  dataBANK0    0000A2
_Guest_pass_flag                                      bssBANK0     0000E9
_Guest_pass_status                                    dataBANK0    0000B5
_Guest_pass_tries                                     dataBANK0    00009E
_I2C_DefaultInterruptHandle                           bssCOMRAM    00003D
_I2C_Report_Write_Collision_InterruptHandler          bssCOMRAM    00003F
_INT0_ISR                                             text56       00446A
_INT0_interruptHandler                                bssBANK0     0000E3
_INT1_ISR                                             text55       004466
_INT1_interruptHandler                                bssBANK0     0000E1
_INT2_ISR                                             text54       004462
_INT2_interruptHandler                                bssBANK0     0000DF
_INTCON2bits                                          (abs)        000FF1
_INTCON3bits                                          (abs)        000FF0
_INTCONbits                                           (abs)        000FF2
_InterruptManagerHigh                                 intcode      000008
_Key_Pad_Array                                        mediumconst  00FDCB
_Key_Pad_Get_Value                                    text25       003394
_Key_Pad_Intialize                                    text13       0037A4
_LATA                                                 (abs)        000F89
_LATB                                                 (abs)        000F8A
_LATC                                                 (abs)        000F8B
_LATD                                                 (abs)        000F8C
_LATE                                                 (abs)        000F8D
_Lat_Reg                                              dataBANK0    00008A
_Led_Intialize                                        text12       0036FC
_Led_Turn_On                                          text24       00397E
_MSSP_I2C_BC_ISR                                      text53       00445E
_MSSP_I2C_ISR                                         text52       00445A
_MSSP_SPI_Msster_Mode_GPIO_PIN_Configurations         text17       0042A8
_MSSP_SPI_Slave_Mode_GPIO_PIN_Configurations          text16       003E16
_PIE1bits                                             (abs)        000F9D
_PIE2bits                                             (abs)        000FA0
_PIR1bits                                             (abs)        000F9E
_PIR2bits                                             (abs)        000FA1
_PORTA                                                (abs)        000F80
_PORTB                                                (abs)        000F81
_PORTBbits                                            (abs)        000F81
_PORTC                                                (abs)        000F82
_PORTD                                                (abs)        000F83
_PORTE                                                (abs)        000F84
_PR2                                                  (abs)        000FCB
_PWM1CONbits                                          (abs)        000FB7
_Port_Reg                                             dataBANK0    000080
_RB4_ISR                                              text51       004400
_RB4_flag                                             dataCOMRAM   00005C
_RB4_interruptHandler_High                            bssBANK0     0000DD
_RB4_interruptHandler_Low                             bssBANK0     0000DB
_RB5_ISR                                              text50       0043E6
_RB5_flag                                             dataCOMRAM   00005B
_RB5_interruptHandler_High                            bssBANK0     0000D9
_RB5_interruptHandler_Low                             bssBANK0     0000D7
_RB6_ISR                                              text49       0043CC
_RB6_flag                                             dataCOMRAM   00005A
_RB6_interruptHandler_High                            bssBANK0     0000D5
_RB6_interruptHandler_Low                             bssBANK0     0000D3
_RB7_ISR                                              text48       0043B2
_RB7_flag                                             dataCOMRAM   000059
_RB7_interruptHandler_High                            bssBANK0     0000D1
_RB7_interruptHandler_Low                             bssBANK0     0000CF
_RCONbits                                             (abs)        000FD0
_RCREG                                                (abs)        000FAE
_RCSTAbits                                            (abs)        000FAB
_SPBRG                                                (abs)        000FAF
_SPBRGH                                               (abs)        000FB0
_SPI_ISR                                              text47       00447C
_SPI_Init                                             text15       002FB2
_SPI_Send_Byte                                        text23       004398
_SSPADD                                               (abs)        000FC8
_SSPBUF                                               (abs)        000FC9
_SSPCON1bits                                          (abs)        000FC6
_SSPCON2bits                                          (abs)        000FC5
_SSPSTATbits                                          (abs)        000FC7
_T0CONbits                                            (abs)        000FD5
_T1CONbits                                            (abs)        000FCD
_T2CONbits                                            (abs)        000FCA
_T3CONbits                                            (abs)        000FB1
_TIMER0_ISR                                           text36       00426E
_TIMER0_IntterruptHandeler                            bssCOMRAM    00003B
_TIMER1_ISR                                           text35       00443A
_TIMER1_IntterruptHandeler                            bssBANK0     0000CD
_TIMER2_ISR                                           text34       00444E
_TIMER2_IntterruptHandeler_                           bssBANK0     0000CB
_TIMER3_ISR                                           text33       00442E
_TIMER3_InterruptHandler                              bssBANK0     0000C9
_TMR0H                                                (abs)        000FD7
_TMR0L                                                (abs)        000FD6
_TMR1H                                                (abs)        000FCF
_TMR1L                                                (abs)        000FCE
_TMR2                                                 (abs)        000FCC
_TMR3H                                                (abs)        000FB3
_TMR3L                                                (abs)        000FB2
_TRISA                                                (abs)        000F92
_TRISB                                                (abs)        000F93
_TRISC                                                (abs)        000F94
_TRISCbits                                            (abs)        000F94
_TRISD                                                (abs)        000F95
_TRISE                                                (abs)        000F96
_TXREG                                                (abs)        000FAD
_TXSTAbits                                            (abs)        000FAC
_Timer0_Bit_Mode_Select                               text22       00422E
_Timer0_Intialization                                 text19       003646
_Timer0_Mode_Select                                   text21       00358A
_Timer0_Prescaler_Config                              text20       00408E
_Tris_Reg                                             dataBANK0    000094
_USART_RX_ISR                                         text32       00447A
_USART_RX_IntterruptHandeler_                         bssBANK0     0000C5
_USART_TX_ISR                                         text31       004456
_USART_TX_IntterruptHandeler_                         bssBANK0     0000C7
_WDTCONbits                                           (abs)        000FD1
__HRAM                                                (abs)        000000
__H__absolute__                                       __absolute__ 000000
__Habs1                                               abs1         000000
__Hbank0                                              bank0        000000
__Hbank1                                              bank1        000000
__Hbank10                                             bank10       000000
__Hbank11                                             bank11       000000
__Hbank12                                             bank12       000000
__Hbank13                                             bank13       000000
__Hbank14                                             bank14       000000
__Hbank15                                             bank15       000000
__Hbank2                                              bank2        000000
__Hbank3                                              bank3        000000
__Hbank4                                              bank4        000000
__Hbank5                                              bank5        000000
__Hbank6                                              bank6        000000
__Hbank7                                              bank7        000000
__Hbank8                                              bank8        000000
__Hbank9                                              bank9        000000
__Hbigbss                                             bigbss       000000
__Hbigdata                                            bigdata      000000
__Hbigram                                             bigram       000000
__Hbigsfr                                             bigsfr       000000
__Hbss                                                bss          000000
__HbssBANK0                                           bssBANK0     000000
__HbssBANK1                                           bssBANK1     000000
__HbssCOMRAM                                          bssCOMRAM    000000
__Hcinit                                              cinit        000000
__Hclrtext                                            clrtext      000000
__Hcomram                                             comram       000000
__Hconfig                                             config       30000E
__Hconst                                              const        000000
__HcstackBANK0                                        cstackBANK0  000000
__HcstackBANK1                                        cstackBANK1  000000
__HcstackCOMRAM                                       cstackCOMRAM 000000
__Hdata                                               data         000000
__HdataBANK0                                          dataBANK0    000000
__HdataCOMRAM                                         dataCOMRAM   000000
__Heeprom_data                                        eeprom_data  000000
__Hfarbss                                             farbss       000000
__Hfardata                                            fardata      000000
__Hheap                                               heap         000000
__Hibigdata                                           ibigdata     000000
__Hidata                                              idata        000000
__HidataBANK0                                         idataBANK0   000000
__HidataCOMRAM                                        idataCOMRAM  000000
__Hidloc                                              idloc        200008
__Hifardata                                           ifardata     000000
__Hinit                                               init         000012
__Hintcode                                            intcode      00000E
__Hintcode_body                                       intcode_body 000000
__Hintcodelo                                          intcodelo    00000E
__Hintentry                                           intentry     000000
__Hintret                                             intret       000000
__Hintsave_regs                                       intsave_regs 000000
__Hirdata                                             irdata       000000
__Hmediumconst                                        mediumconst  010000
__HnvBANK0                                            nvBANK0      000000
__HnvFARRAM                                           nvFARRAM     000000
__Hnvbit                                              nvbit        000000
__Hnvrram                                             nvrram       000000
__Hparam                                              rparam       000000
__Hpowerup                                            powerup      00000E
__Hram                                                ram          000000
__Hramtop                                             ramtop       001000
__Hrbit                                               rbit         000000
__Hrbss                                               rbss         000000
__Hrdata                                              rdata        000000
__Hreset_vec                                          reset_vec    000004
__Hrparam                                             rparam       000000
__Hsfr                                                sfr          000000
__Hsmallconst                                         smallconst   000000
__Hspace_0                                            (abs)        010000
__Hspace_1                                            (abs)        000121
__Hspace_2                                            (abs)        000000
__Hspace_4                                            (abs)        60000E
__Hstack                                              stack        000000
__Hstruct                                             struct       000000
__Htemp                                               temp         000066
__Htext                                               text         000000
__Htext0                                              text0        000000
__Htext1                                              text1        000000
__Htext10                                             text10       000000
__Htext11                                             text11       000000
__Htext12                                             text12       000000
__Htext13                                             text13       000000
__Htext14                                             text14       000000
__Htext15                                             text15       000000
__Htext16                                             text16       000000
__Htext17                                             text17       000000
__Htext18                                             text18       000000
__Htext19                                             text19       000000
__Htext2                                              text2        000000
__Htext20                                             text20       000000
__Htext21                                             text21       000000
__Htext22                                             text22       000000
__Htext23                                             text23       000000
__Htext24                                             text24       000000
__Htext25                                             text25       000000
__Htext26                                             text26       000000
__Htext27                                             text27       000000
__Htext28                                             text28       000000
__Htext29                                             text29       000000
__Htext3                                              text3        000000
__Htext31                                             text31       000000
__Htext32                                             text32       000000
__Htext33                                             text33       000000
__Htext34                                             text34       000000
__Htext35                                             text35       000000
__Htext36                                             text36       000000
__Htext37                                             text37       000000
__Htext38                                             text38       000000
__Htext39                                             text39       000000
__Htext4                                              text4        000000
__Htext40                                             text40       000000
__Htext41                                             text41       000000
__Htext42                                             text42       000000
__Htext43                                             text43       000000
__Htext44                                             text44       000000
__Htext45                                             text45       000000
__Htext46                                             text46       000000
__Htext47                                             text47       000000
__Htext48                                             text48       000000
__Htext49                                             text49       000000
__Htext5                                              text5        000000
__Htext50                                             text50       000000
__Htext51                                             text51       000000
__Htext52                                             text52       000000
__Htext53                                             text53       000000
__Htext54                                             text54       000000
__Htext55                                             text55       000000
__Htext56                                             text56       000000
__Htext57                                             text57       000000
__Htext58                                             text58       000000
__Htext59                                             text59       000000
__Htext6                                              text6        000000
__Htext60                                             text60       000000
__Htext61                                             text61       000000
__Htext7                                              text7        000000
__Htext8                                              text8        000000
__Htext9                                              text9        000000
__LRAM                                                (abs)        000001
__L__absolute__                                       __absolute__ 000000
__Labs1                                               abs1         000000
__Lbank0                                              bank0        000000
__Lbank1                                              bank1        000000
__Lbank10                                             bank10       000000
__Lbank11                                             bank11       000000
__Lbank12                                             bank12       000000
__Lbank13                                             bank13       000000
__Lbank14                                             bank14       000000
__Lbank15                                             bank15       000000
__Lbank2                                              bank2        000000
__Lbank3                                              bank3        000000
__Lbank4                                              bank4        000000
__Lbank5                                              bank5        000000
__Lbank6                                              bank6        000000
__Lbank7                                              bank7        000000
__Lbank8                                              bank8        000000
__Lbank9                                              bank9        000000
__Lbigbss                                             bigbss       000000
__Lbigdata                                            bigdata      000000
__Lbigram                                             bigram       000000
__Lbigsfr                                             bigsfr       000000
__Lbss                                                bss          000000
__LbssBANK0                                           bssBANK0     000000
__LbssBANK1                                           bssBANK1     000000
__LbssCOMRAM                                          bssCOMRAM    000000
__Lcinit                                              cinit        000000
__Lclrtext                                            clrtext      000000
__Lcomram                                             comram       000000
__Lconfig                                             config       000000
__Lconst                                              const        000000
__LcstackBANK0                                        cstackBANK0  000000
__LcstackBANK1                                        cstackBANK1  000000
__LcstackCOMRAM                                       cstackCOMRAM 000000
__Ldata                                               data         000000
__LdataBANK0                                          dataBANK0    000000
__LdataCOMRAM                                         dataCOMRAM   000000
__Leeprom_data                                        eeprom_data  000000
__Lfarbss                                             farbss       000000
__Lfardata                                            fardata      000000
__Lheap                                               heap         000000
__Libigdata                                           ibigdata     000000
__Lidata                                              idata        000000
__LidataBANK0                                         idataBANK0   000000
__LidataCOMRAM                                        idataCOMRAM  000000
__Lidloc                                              idloc        000000
__Lifardata                                           ifardata     000000
__Linit                                               init         00000E
__Lintcode                                            intcode      000008
__Lintcode_body                                       intcode_body 000000
__Lintcodelo                                          intcodelo    00000E
__Lintentry                                           intentry     000000
__Lintret                                             intret       000000
__Lintsave_regs                                       intsave_regs 000000
__Lirdata                                             irdata       000000
__Lmediumconst                                        mediumconst  00FDCA
__LnvBANK0                                            nvBANK0      000000
__LnvFARRAM                                           nvFARRAM     000000
__Lnvbit                                              nvbit        000000
__Lnvrram                                             nvrram       000000
__Lparam                                              rparam       000000
__Lpowerup                                            powerup      00000E
__Lram                                                ram          000000
__Lramtop                                             ramtop       001000
__Lrbit                                               rbit         000000
__Lrbss                                               rbss         000000
__Lrdata                                              rdata        000000
__Lreset_vec                                          reset_vec    000000
__Lrparam                                             rparam       000000
__Lsfr                                                sfr          000000
__Lsmallconst                                         smallconst   000000
__Lspace_0                                            (abs)        000000
__Lspace_1                                            (abs)        000000
__Lspace_2                                            (abs)        000000
__Lspace_4                                            (abs)        000000
__Lstack                                              stack        000000
__Lstruct                                             struct       000000
__Ltemp                                               temp         000065
__Ltext                                               text         000000
__Ltext0                                              text0        000000
__Ltext1                                              text1        000000
__Ltext10                                             text10       000000
__Ltext11                                             text11       000000
__Ltext12                                             text12       000000
__Ltext13                                             text13       000000
__Ltext14                                             text14       000000
__Ltext15                                             text15       000000
__Ltext16                                             text16       000000
__Ltext17                                             text17       000000
__Ltext18                                             text18       000000
__Ltext19                                             text19       000000
__Ltext2                                              text2        000000
__Ltext20                                             text20       000000
__Ltext21                                             text21       000000
__Ltext22                                             text22       000000
__Ltext23                                             text23       000000
__Ltext24                                             text24       000000
__Ltext25                                             text25       000000
__Ltext26                                             text26       000000
__Ltext27                                             text27       000000
__Ltext28                                             text28       000000
__Ltext29                                             text29       000000
__Ltext3                                              text3        000000
__Ltext31                                             text31       000000
__Ltext32                                             text32       000000
__Ltext33                                             text33       000000
__Ltext34                                             text34       000000
__Ltext35                                             text35       000000
__Ltext36                                             text36       000000
__Ltext37                                             text37       000000
__Ltext38                                             text38       000000
__Ltext39                                             text39       000000
__Ltext4                                              text4        000000
__Ltext40                                             text40       000000
__Ltext41                                             text41       000000
__Ltext42                                             text42       000000
__Ltext43                                             text43       000000
__Ltext44                                             text44       000000
__Ltext45                                             text45       000000
__Ltext46                                             text46       000000
__Ltext47                                             text47       000000
__Ltext48                                             text48       000000
__Ltext49                                             text49       000000
__Ltext5                                              text5        000000
__Ltext50                                             text50       000000
__Ltext51                                             text51       000000
__Ltext52                                             text52       000000
__Ltext53                                             text53       000000
__Ltext54                                             text54       000000
__Ltext55                                             text55       000000
__Ltext56                                             text56       000000
__Ltext57                                             text57       000000
__Ltext58                                             text58       000000
__Ltext59                                             text59       000000
__Ltext6                                              text6        000000
__Ltext60                                             text60       000000
__Ltext61                                             text61       000000
__Ltext7                                              text7        000000
__Ltext8                                              text8        000000
__Ltext9                                              text9        000000
__S0                                                  (abs)        010000
__S1                                                  (abs)        000121
__S4                                                  (abs)        000000
__S5                                                  (abs)        000000
___heap_hi                                            (abs)        000000
___heap_lo                                            (abs)        000000
___inthi_sp                                           stack        000000
___intlo_sp                                           stack        000000
___param_bank                                         (abs)        000000
___rparam_used                                        (abs)        000001
___sp                                                 stack        000000
__accesstop                                           (abs)        000080
__activetblptr                                        (abs)        000003
__end_of_ADC_ISR                                      text60       004480
__end_of_CCP1_ISR                                     text59       00447A
__end_of_CCP2_ISR                                     text58       004476
__end_of_ECCP_ISR                                     text57       004472
__end_of_EEPROM_Data_ReadByte                         text29       0041E6
__end_of_EEPROM_Data_WriteByte                        text28       003E16
__end_of_GPIO_Pin_Direction_Intialize                 text18       002FB2
__end_of_GPIO_Pin_Intialize                           text14       004030
__end_of_GPIO_Pin_Read_Logic                          text27       00358A
__end_of_GPIO_Pin_Write_Logic                         text26       00324E
__end_of_INT0_ISR                                     text56       00446E
__end_of_INT1_ISR                                     text55       00446A
__end_of_INT2_ISR                                     text54       004466
__end_of_InterruptManagerHigh                         intcode_body 002CF6
__end_of_Key_Pad_Array                                mediumconst  00FDDB
__end_of_Key_Pad_Get_Value                            text25       0034BC
__end_of_Key_Pad_Intialize                            text13       003848
__end_of_Led_Intialize                                text12       0037A4
__end_of_Led_Turn_On                                  text24       003A14
__end_of_MSSP_I2C_BC_ISR                              text53       004462
__end_of_MSSP_I2C_ISR                                 text52       00445E
__end_of_MSSP_SPI_Msster_Mode_GPIO_PIN_Configurations text17       0042E0
__end_of_MSSP_SPI_Slave_Mode_GPIO_PIN_Configurations  text16       003E88
__end_of_RB4_ISR                                      text51       00441A
__end_of_RB5_ISR                                      text50       004400
__end_of_RB6_ISR                                      text49       0043E6
__end_of_RB7_ISR                                      text48       0043CC
__end_of_SPI_ISR                                      text47       00447E
__end_of_SPI_Init                                     text15       003102
__end_of_SPI_Send_Byte                                text23       0043B2
__end_of_TIMER0_ISR                                   text36       0042A8
__end_of_TIMER1_ISR                                   text35       004444
__end_of_TIMER2_ISR                                   text34       004456
__end_of_TIMER3_ISR                                   text33       00443A
__end_of_Timer0_Bit_Mode_Select                       text22       00426E
__end_of_Timer0_Intialization                         text19       0036FC
__end_of_Timer0_Mode_Select                           text21       003646
__end_of_Timer0_Prescaler_Config                      text20       0040E8
__end_of_USART_RX_ISR                                 text32       00447C
__end_of_USART_TX_ISR                                 text31       00445A
__end_of__initialization                              cinit        003EEC
__end_of_ecu_intialize                                text7        00422E
__end_of_intialization                                text6        004398
__end_of_lcd_intialize                                text8        002E5A
__end_of_lcd_send_4_bit_data                          text11       00408E
__end_of_lcd_send_ATpos_char_data                     text3        00413E
__end_of_lcd_send_ATpos_string_data                   text1        003F62
__end_of_lcd_send_char_data                           text5        003BAA
__end_of_lcd_send_command                             text9        003C2C
__end_of_lcd_send_enable                              text10       00434C
__end_of_lcd_send_string_data                         text2        003AA0
__end_of_lcd_set_cursor                               text4        0038E4
__end_of_main                                         text0        002880
__end_of_softwareReset                                text46       00444E
__end_of_timer0_isr                                   text37       003CAC
__end_ofi2_GPIO_Pin_Write_Logic                       text45       003394
__end_ofi2_lcd_send_4_bit_data                        text44       004194
__end_ofi2_lcd_send_ATpos_string_data                 text38       003FCC
__end_ofi2_lcd_send_char_data                         text42       003DA0
__end_ofi2_lcd_send_command                           text40       003D26
__end_ofi2_lcd_send_enable                            text43       00437C
__end_ofi2_lcd_send_string_data                       text41       003B28
__end_ofi2_lcd_set_cursor                             text39       00397E
__initialization                                      cinit        003E88
__mediumconst                                         mediumconst  00FDCA
__pbssBANK0                                           bssBANK0     0000B7
__pbssBANK1                                           bssBANK1     000116
__pbssCOMRAM                                          bssCOMRAM    000033
__pcinit                                              cinit        003E88
__pcstackBANK0                                        cstackBANK0  0000EC
__pcstackBANK1                                        cstackBANK1  000100
__pcstackCOMRAM                                       cstackCOMRAM 000001
__pdataBANK0                                          dataBANK0    000080
__pdataCOMRAM                                         dataCOMRAM   000052
__pidataBANK0                                         idataBANK0   0042E0
__pidataCOMRAM                                        idataCOMRAM  00441A
__pintcode                                            intcode      000008
__pintcode_body                                       intcode_body 002880
__pmediumconst                                        mediumconst  00FDCA
__pnvBANK0                                            nvBANK0      0000FE
__ptext0                                              text0        000012
__ptext1                                              text1        003EF6
__ptext10                                             text10       004318
__ptext11                                             text11       004030
__ptext12                                             text12       0036FC
__ptext13                                             text13       0037A4
__ptext14                                             text14       003FCC
__ptext15                                             text15       002FB2
__ptext16                                             text16       003E16
__ptext17                                             text17       0042A8
__ptext18                                             text18       002E5A
__ptext19                                             text19       003646
__ptext2                                              text2        003A14
__ptext20                                             text20       00408E
__ptext21                                             text21       00358A
__ptext22                                             text22       00422E
__ptext23                                             text23       004398
__ptext24                                             text24       00397E
__ptext25                                             text25       003394
__ptext26                                             text26       003102
__ptext27                                             text27       0034BC
__ptext28                                             text28       003DA0
__ptext29                                             text29       004194
__ptext3                                              text3        0040E8
__ptext31                                             text31       004456
__ptext32                                             text32       00447A
__ptext33                                             text33       00442E
__ptext34                                             text34       00444E
__ptext35                                             text35       00443A
__ptext36                                             text36       00426E
__ptext37                                             text37       003C2C
__ptext38                                             text38       003F62
__ptext39                                             text39       0038E4
__ptext4                                              text4        003848
__ptext40                                             text40       003CAC
__ptext41                                             text41       003AA0
__ptext42                                             text42       003D26
__ptext43                                             text43       00434C
__ptext44                                             text44       00413E
__ptext45                                             text45       00324E
__ptext46                                             text46       004444
__ptext47                                             text47       00447C
__ptext48                                             text48       0043B2
__ptext49                                             text49       0043CC
__ptext5                                              text5        003B28
__ptext50                                             text50       0043E6
__ptext51                                             text51       004400
__ptext52                                             text52       00445A
__ptext53                                             text53       00445E
__ptext54                                             text54       004462
__ptext55                                             text55       004466
__ptext56                                             text56       00446A
__ptext57                                             text57       00446E
__ptext58                                             text58       004472
__ptext59                                             text59       004476
__ptext6                                              text6        00437C
__ptext60                                             text60       00447E
__ptext61                                             text61       000000
__ptext7                                              text7        0041E6
__ptext8                                              text8        002CF6
__ptext9                                              text9        003BAA
__ramtop                                              ramtop       001000
__smallconst                                          smallconst   000000
_admin_pass_tries                                     dataBANK0    00009F
_count_sec_timer_flag                                 bssCOMRAM    000049
_cursor                                               dataBANK0    0000A1
_ecu_intialize                                        text7        0041E6
_eeprom_digit_read                                    dataBANK0    0000B4
_intialization                                        text6        00437C
_key_pad1                                             dataBANK0    0000A4
_key_status                                           bssBANK0     0000EB
_lcd1                                                 dataCOMRAM   00005D
_lcd_intialize                                        text8        002CF6
_lcd_send_4_bit_data                                  text11       004030
_lcd_send_ATpos_char_data                             text3        0040E8
_lcd_send_ATpos_string_data                           text1        003EF6
_lcd_send_char_data                                   text5        003B28
_lcd_send_command                                     text9        003BAA
_lcd_send_enable                                      text10       004318
_lcd_send_string_data                                 text2        003A14
_lcd_set_cursor                                       text4        003848
_led_Admin                                            bssCOMRAM    000051
_led_Block                                            dataCOMRAM   000064
_led_Guest                                            dataCOMRAM   000063
_main                                                 text0        000012
_pass_counter                                         dataBANK0    0000A0
_pre_load                                             bssCOMRAM    000039
_pre_load@mcal_timer1$F3621                           bssCOMRAM    000037
_pre_load@mcal_timer2$F3791                           bssCOMRAM    000035
_ret                                                  nvBANK0      0000FE
_softwareReset                                        text46       004444
_spi_master                                           dataBANK0    0000B2
_spi_slave_reader                                     bssBANK0     0000E7
_timer0                                               dataBANK0    0000AC
_timer0_isr                                           text37       003C2C
_timer3_preload_value                                 bssCOMRAM    000033
btemp                                                 temp         000065
end_of_initialization                                 cinit        003EEC
i2GPIO_Pin_Write_Logic@Logic                          cstackCOMRAM 000003
i2GPIO_Pin_Write_Logic@_Pin_Config_                   cstackCOMRAM 000001
i2GPIO_Pin_Write_Logic@ret                            cstackCOMRAM 00000A
i2_GPIO_Pin_Write_Logic                               text45       00324E
i2_lcd_send_4_bit_data                                text44       00413E
i2_lcd_send_ATpos_string_data                         text38       003F62
i2_lcd_send_char_data                                 text42       003D26
i2_lcd_send_command                                   text40       003CAC
i2_lcd_send_enable                                    text43       00434C
i2_lcd_send_string_data                               text41       003AA0
i2_lcd_set_cursor                                     text39       0038E4
i2lcd_send_4_bit_data@_LCD_                           cstackCOMRAM 00000C
i2lcd_send_4_bit_data@_data_command                   cstackCOMRAM 00000E
i2lcd_send_4_bit_data@pin_counter                     cstackCOMRAM 000013
i2lcd_send_ATpos_string_data@_LCD_                    cstackCOMRAM 00001F
i2lcd_send_ATpos_string_data@coulmns                  cstackCOMRAM 000022
i2lcd_send_ATpos_string_data@ret                      cstackCOMRAM 000025
i2lcd_send_ATpos_string_data@row                      cstackCOMRAM 000021
i2lcd_send_ATpos_string_data@str                      cstackCOMRAM 000023
i2lcd_send_char_data@_LCD_                            cstackCOMRAM 000014
i2lcd_send_char_data@data                             cstackCOMRAM 000016
i2lcd_send_char_data@ret                              cstackCOMRAM 000017
i2lcd_send_command@_LCD_                              cstackCOMRAM 000014
i2lcd_send_command@command                            cstackCOMRAM 000016
i2lcd_send_command@ret                                cstackCOMRAM 000017
i2lcd_send_enable@_LCD_                               cstackCOMRAM 00000C
i2lcd_send_string_data@_LCD_                          cstackCOMRAM 000019
i2lcd_send_string_data@ret                            cstackCOMRAM 00001D
i2lcd_send_string_data@str                            cstackCOMRAM 00001B
i2lcd_set_cursor@_LCD_                                cstackCOMRAM 000019
i2lcd_set_cursor@coulmn                               cstackCOMRAM 00001C
i2lcd_set_cursor@row                                  cstackCOMRAM 00001B
int$flags                                             temp         000065
int_func                                              intcode_body 002880
intlevel0                                             text         000000
intlevel1                                             text         000000
intlevel2                                             text         000000
intlevel3                                             text         000000
isa$std                                               (abs)        000001
isa$xinst                                             (abs)        000000
lcd_intialize@_LCD_                                   cstackBANK1  000106
lcd_intialize@data_pin_counter                        cstackBANK1  00010C
lcd_intialize@ret                                     cstackBANK1  00010A
lcd_send_4_bit_data@_LCD_                             cstackBANK0  0000F7
lcd_send_4_bit_data@_data_command                     cstackBANK0  0000F9
lcd_send_4_bit_data@pin_counter                       cstackBANK1  000100
lcd_send_ATpos_char_data@_LCD_                        cstackBANK1  00010C
lcd_send_ATpos_char_data@coulmns                      cstackBANK1  00010F
lcd_send_ATpos_char_data@data                         cstackBANK1  000110
lcd_send_ATpos_char_data@ret                          cstackBANK1  000111
lcd_send_ATpos_char_data@row                          cstackBANK1  00010E
lcd_send_ATpos_string_data@_LCD_                      cstackBANK1  00010C
lcd_send_ATpos_string_data@coulmns                    cstackBANK1  00010F
lcd_send_ATpos_string_data@ret                        cstackBANK1  000112
lcd_send_ATpos_string_data@row                        cstackBANK1  00010E
lcd_send_ATpos_string_data@str                        cstackBANK1  000110
lcd_send_char_data@_LCD_                              cstackBANK1  000101
lcd_send_char_data@data                               cstackBANK1  000103
lcd_send_char_data@ret                                cstackBANK1  000104
lcd_send_command@_LCD_                                cstackBANK1  000101
lcd_send_command@command                              cstackBANK1  000103
lcd_send_command@ret                                  cstackBANK1  000104
lcd_send_enable@_LCD_                                 cstackBANK0  0000F7
lcd_send_string_data@_LCD_                            cstackBANK1  000106
lcd_send_string_data@ret                              cstackBANK1  00010A
lcd_send_string_data@str                              cstackBANK1  000108
lcd_set_cursor@_LCD_                                  cstackBANK1  000106
lcd_set_cursor@coulmn                                 cstackBANK1  000109
lcd_set_cursor@row                                    cstackBANK1  000108
stackhi                                               (abs)        000000
stacklo                                               (abs)        000000
start                                                 init         00000E
start_initialization                                  cinit        003E88
ttemp5                                                temp         000066
ttemp6                                                temp         000069
ttemp7                                                temp         00006D
wtemp8                                                temp         000066


MODULE INFORMATION

Module		Function		Class		Link	Load	Size
MCAL_Layer/ECCP/hal_eccp.c
		_ECCP_ISR      		CODE           	446E	0000	4

MCAL_Layer/ECCP/hal_eccp.c estimated size: 4

MCAL_Layer/Timer2/mcal_timer2.c
		_TIMER2_ISR    		CODE           	444E	0000	8

MCAL_Layer/Timer2/mcal_timer2.c estimated size: 8

ECU_Layer/Key_Pad/ecu_key_pad.c
		_Key_Pad_Get_Value		CODE           	3394	0000	296
		_Key_Pad_Intialize		CODE           	37A4	0000	164

ECU_Layer/Key_Pad/ecu_key_pad.c estimated size: 460

MCAL_Layer/Timer0/mcal_timer0.c
		_Timer0_Bit_Mode_Select		CODE           	422E	0000	64
		_Timer0_Prescaler_Config		CODE           	408E	0000	90
		_Timer0_Mode_Select		CODE           	358A	0000	188
		_TIMER0_ISR    		CODE           	426E	0000	58
		_Timer0_Intialization		CODE           	3646	0000	182

MCAL_Layer/Timer0/mcal_timer0.c estimated size: 582

MCAL_Layer/SPI/hal_spi.c
		_MSSP_SPI_Msster_Mode_GPIO_PIN_Configurations		CODE           	42A8	0000	56
		_SPI_ISR       		CODE           	447C	0000	2
		_MSSP_SPI_Slave_Mode_GPIO_PIN_Configurations		CODE           	3E16	0000	114
		_SPI_Init      		CODE           	2FB2	0000	336
		_SPI_Send_Byte 		CODE           	4398	0000	26

MCAL_Layer/SPI/hal_spi.c estimated size: 534

ECU_Layer/Ch_LCD/ecu_ch_lcd.c
		_lcd_send_ATpos_string_data		CODE           	3EF6	0000	108
		_lcd_send_command		CODE           	3BAA	0000	130
		_lcd_send_char_data		CODE           	3B28	0000	130
		_lcd_set_cursor		CODE           	3848	0000	156
		_lcd_send_enable		CODE           	4318	0000	52
		_lcd_send_string_data		CODE           	3A14	0000	140
		_lcd_intialize 		CODE           	2CF6	0000	356
		_lcd_send_ATpos_char_data		CODE           	40E8	0000	86
		_lcd_send_4_bit_data		CODE           	4030	0000	94

ECU_Layer/Ch_LCD/ecu_ch_lcd.c estimated size: 1252

MCAL_Layer/GPIO/hal_GPIO.c
		_GPIO_Pin_Intialize		CODE           	3FCC	0000	100
		_GPIO_Pin_Read_Logic		CODE           	34BC	0000	206
		_GPIO_Pin_Direction_Intialize		CODE           	2E5A	0000	344
		_GPIO_Pin_Write_Logic		CODE           	3102	0000	332

MCAL_Layer/GPIO/hal_GPIO.c estimated size: 982

MCAL_Layer/I2C/hal_i2c.c
		_MSSP_I2C_ISR  		CODE           	445A	0000	4
		_MSSP_I2C_BC_ISR		CODE           	445E	0000	4

MCAL_Layer/I2C/hal_i2c.c estimated size: 8

Application.c
		_main          		CODE           	0012	0000	10350
		_timer0_isr    		CODE           	3C2C	0000	128
		_softwareReset 		CODE           	4444	0000	10
		_intialization 		CODE           	437C	0000	28

Application.c estimated size: 10516

MCAL_Layer/CCP1/hal_ccp.c
		_CCP1_ISR      		CODE           	4476	0000	4
		_CCP2_ISR      		CODE           	4472	0000	4

MCAL_Layer/CCP1/hal_ccp.c estimated size: 8

MCAL_Layer/MCAL_ADC/mcal_adc.c
		_ADC_ISR       		CODE           	447E	0000	2

MCAL_Layer/MCAL_ADC/mcal_adc.c estimated size: 2

MCAL_Layer/Timer3/mcal_timer3.c
		_TIMER3_ISR    		CODE           	442E	0000	12

MCAL_Layer/Timer3/mcal_timer3.c estimated size: 12

MCAL_Layer/Timer1/mcal_timer1.c
		_TIMER1_ISR    		CODE           	443A	0000	10

MCAL_Layer/Timer1/mcal_timer1.c estimated size: 10

shared
		i2_lcd_send_4_bit_data		CODE           	413E	0000	86
		i2_lcd_send_enable		CODE           	434C	0000	48
		i2_lcd_set_cursor		CODE           	38E4	0000	154
		i2_lcd_send_string_data		CODE           	3AA0	0000	136
		i2_lcd_send_ATpos_string_data		CODE           	3F62	0000	106
		i2_GPIO_Pin_Write_Logic		CODE           	324E	0000	326
		i2_lcd_send_command		CODE           	3CAC	0000	122
		i2_lcd_send_char_data		CODE           	3D26	0000	122
		_Key_Pad_Array 		MEDIUMCONST    	FDCB	0000	16
		__initialization		CODE           	3E88	0000	100

shared estimated size: 1216

MCAL_Layer/Interrupt/mcal_external_interrupt.c
		_RB4_ISR       		CODE           	4400	0000	26
		_RB5_ISR       		CODE           	43E6	0000	26
		_RB6_ISR       		CODE           	43CC	0000	26
		_RB7_ISR       		CODE           	43B2	0000	26
		_INT0_ISR      		CODE           	446A	0000	4
		_INT1_ISR      		CODE           	4466	0000	4
		_INT2_ISR      		CODE           	4462	0000	4

MCAL_Layer/Interrupt/mcal_external_interrupt.c estimated size: 116

MCAL_Layer/Interrupt/mcal_interrupt_manager.c
		_InterruptManagerHigh		CODE           	0008	0000	1148

MCAL_Layer/Interrupt/mcal_interrupt_manager.c estimated size: 1148

MCAL_Layer/USART/hal_usart.c
		_USART_RX_ISR  		CODE           	447A	0000	2
		_USART_TX_ISR  		CODE           	4456	0000	4

MCAL_Layer/USART/hal_usart.c estimated size: 6

ECU_Layer/LED/ecu_Led.c
		_Led_Turn_On   		CODE           	397E	0000	150
		_Led_Intialize 		CODE           	36FC	0000	168

ECU_Layer/LED/ecu_Led.c estimated size: 318

MCAL_Layer/EEPROM/mcal_eeprom.c
		_EEPROM_Data_ReadByte		CODE           	4194	0000	82
		_EEPROM_Data_WriteByte		CODE           	3DA0	0000	118

MCAL_Layer/EEPROM/mcal_eeprom.c estimated size: 200

ECU_Layer/ecu_intialize.c
		_ecu_intialize 		CODE           	41E6	0000	72

ECU_Layer/ecu_intialize.c estimated size: 72

